Component: ARM Compiler 5.06 update 6 (build 750) Tool: armlink [4d35ed]

==============================================================================

Section Cross References

    startup_stm32f103xb.o(STACK) refers (Special) to heapauxi.o(.text) for __use_two_region_memory
    startup_stm32f103xb.o(HEAP) refers (Special) to heapauxi.o(.text) for __use_two_region_memory
    startup_stm32f103xb.o(RESET) refers (Special) to heapauxi.o(.text) for __use_two_region_memory
    startup_stm32f103xb.o(RESET) refers to startup_stm32f103xb.o(STACK) for __initial_sp
    startup_stm32f103xb.o(RESET) refers to startup_stm32f103xb.o(.text) for Reset_Handler
    startup_stm32f103xb.o(RESET) refers to stm32f1xx_it.o(i.NMI_Handler) for NMI_Handler
    startup_stm32f103xb.o(RESET) refers to stm32f1xx_it.o(i.HardFault_Handler) for HardFault_Handler
    startup_stm32f103xb.o(RESET) refers to stm32f1xx_it.o(i.MemManage_Handler) for MemManage_Handler
    startup_stm32f103xb.o(RESET) refers to stm32f1xx_it.o(i.BusFault_Handler) for BusFault_Handler
    startup_stm32f103xb.o(RESET) refers to stm32f1xx_it.o(i.UsageFault_Handler) for UsageFault_Handler
    startup_stm32f103xb.o(RESET) refers to stm32f1xx_it.o(i.SVC_Handler) for SVC_Handler
    startup_stm32f103xb.o(RESET) refers to stm32f1xx_it.o(i.DebugMon_Handler) for DebugMon_Handler
    startup_stm32f103xb.o(RESET) refers to stm32f1xx_it.o(i.PendSV_Handler) for PendSV_Handler
    startup_stm32f103xb.o(RESET) refers to stm32f1xx_it.o(i.SysTick_Handler) for SysTick_Handler
    startup_stm32f103xb.o(.text) refers (Special) to heapauxi.o(.text) for __use_two_region_memory
    startup_stm32f103xb.o(.text) refers to system_stm32f1xx.o(i.SystemInit) for SystemInit
    startup_stm32f103xb.o(.text) refers to __main.o(!!!main) for __main
    startup_stm32f103xb.o(.text) refers to startup_stm32f103xb.o(HEAP) for Heap_Mem
    startup_stm32f103xb.o(.text) refers to startup_stm32f103xb.o(STACK) for Stack_Mem
    main.o(i.MX_ADC1_Init) refers to stm32f1xx_hal_adc.o(i.HAL_ADC_Init) for HAL_ADC_Init
    main.o(i.MX_ADC1_Init) refers to stm32f1xx_hal_adc.o(i.HAL_ADC_ConfigChannel) for HAL_ADC_ConfigChannel
    main.o(i.MX_ADC1_Init) refers to main.o(.bss) for .bss
    main.o(i.SystemClock_Config) refers to rt_memclr_w.o(.text) for __aeabi_memclr4
    main.o(i.SystemClock_Config) refers to stm32f1xx_hal_rcc.o(i.HAL_RCC_OscConfig) for HAL_RCC_OscConfig
    main.o(i.SystemClock_Config) refers to stm32f1xx_hal_rcc.o(i.HAL_RCC_ClockConfig) for HAL_RCC_ClockConfig
    main.o(i.SystemClock_Config) refers to stm32f1xx_hal_rcc_ex.o(i.HAL_RCCEx_PeriphCLKConfig) for HAL_RCCEx_PeriphCLKConfig
    main.o(i.main) refers to stm32f1xx_hal.o(i.HAL_Init) for HAL_Init
    main.o(i.main) refers to main.o(i.SystemClock_Config) for SystemClock_Config
    main.o(i.main) refers to stm32f1xx_hal_gpio.o(i.HAL_GPIO_WritePin) for HAL_GPIO_WritePin
    main.o(i.main) refers to stm32f1xx_hal_gpio.o(i.HAL_GPIO_Init) for HAL_GPIO_Init
    main.o(i.main) refers to stm32f1xx_hal_uart.o(i.HAL_UART_Init) for HAL_UART_Init
    main.o(i.main) refers to stm32f1xx_hal_i2c.o(i.HAL_I2C_Init) for HAL_I2C_Init
    main.o(i.main) refers to main.o(i.MX_ADC1_Init) for MX_ADC1_Init
    main.o(i.main) refers to i2c.o(i.i2c_soft_init) for i2c_soft_init
    main.o(i.main) refers to lcd_soft_i2c.o(i.lcd_init) for lcd_init
    main.o(i.main) refers to lcd_soft_i2c.o(i.lcd_clear) for lcd_clear
    main.o(i.main) refers to lcd_soft_i2c.o(i.lcd_send_string) for lcd_send_string
    main.o(i.main) refers to stm32f1xx_hal.o(i.HAL_Delay) for HAL_Delay
    main.o(i.main) refers to stm32f1xx_hal_adc.o(i.HAL_ADC_Start) for HAL_ADC_Start
    main.o(i.main) refers to stm32f1xx_hal_adc.o(i.HAL_ADC_PollForConversion) for HAL_ADC_PollForConversion
    main.o(i.main) refers to stm32f1xx_hal_adc.o(i.HAL_ADC_GetValue) for HAL_ADC_GetValue
    main.o(i.main) refers to main.o(i.transmit) for transmit
    main.o(i.main) refers to main.o(.bss) for .bss
    main.o(i.main) refers to main.o(.data) for .data
    main.o(i.transmit) refers to vsnprintf.o(.text) for vsnprintf
    main.o(i.transmit) refers to strlen.o(.text) for strlen
    main.o(i.transmit) refers to stm32f1xx_hal_uart.o(i.HAL_UART_Transmit) for HAL_UART_Transmit
    main.o(i.transmit) refers to main.o(.bss) for .bss
    stm32f1xx_it.o(i.SysTick_Handler) refers to stm32f1xx_hal.o(i.HAL_IncTick) for HAL_IncTick
    stm32f1xx_hal_msp.o(i.HAL_ADC_MspDeInit) refers to stm32f1xx_hal_gpio.o(i.HAL_GPIO_DeInit) for HAL_GPIO_DeInit
    stm32f1xx_hal_msp.o(i.HAL_ADC_MspInit) refers to stm32f1xx_hal_gpio.o(i.HAL_GPIO_Init) for HAL_GPIO_Init
    stm32f1xx_hal_msp.o(i.HAL_I2C_MspDeInit) refers to stm32f1xx_hal_gpio.o(i.HAL_GPIO_DeInit) for HAL_GPIO_DeInit
    stm32f1xx_hal_msp.o(i.HAL_I2C_MspInit) refers to stm32f1xx_hal_gpio.o(i.HAL_GPIO_Init) for HAL_GPIO_Init
[...]
    !!handler_zi                             0x08000144   Section       28  __scatter_zi.o(!!handler_zi)
    .ARM.Collect$$_printf_percent$$00000000  0x08000160   Section        0  _printf_percent.o(.ARM.Collect$$_printf_percent$$00000000)
    .ARM.Collect$$_printf_percent$$00000001  0x08000160   Section        6  _printf_n.o(.ARM.Collect$$_printf_percent$$00000001)
    .ARM.Collect$$_printf_percent$$00000002  0x08000166   Section        6  _printf_p.o(.ARM.Collect$$_printf_percent$$00000002)
    .ARM.Collect$$_printf_percent$$00000003  0x0800016c   Section        6  _printf_f.o(.ARM.Collect$$_printf_percent$$00000003)
    .ARM.Collect$$_printf_percent$$00000004  0x08000172   Section        6  _printf_e.o(.ARM.Collect$$_printf_percent$$00000004)
    .ARM.Collect$$_printf_percent$$00000005  0x08000178   Section        6  _printf_g.o(.ARM.Collect$$_printf_percent$$00000005)
    .ARM.Collect$$_printf_percent$$00000006  0x0800017e   Section        6  _printf_a.o(.ARM.Collect$$_printf_percent$$00000006)
    .ARM.Collect$$_printf_percent$$00000007  0x08000184   Section       10  _printf_ll.o(.ARM.Collect$$_printf_percent$$00000007)
    .ARM.Collect$$_printf_percent$$00000008  0x0800018e   Section        6  _printf_i.o(.ARM.Collect$$_printf_percent$$00000008)
    .ARM.Collect$$_printf_percent$$00000009  0x08000194   Section        6  _printf_d.o(.ARM.Collect$$_printf_percent$$00000009)
    .ARM.Collect$$_printf_percent$$0000000A  0x0800019a   Section        6  _printf_u.o(.ARM.Collect$$_printf_percent$$0000000A)
    .ARM.Collect$$_printf_percent$$0000000B  0x080001a0   Section        6  _printf_o.o(.ARM.Collect$$_printf_percent$$0000000B)
    .ARM.Collect$$_printf_percent$$0000000C  0x080001a6   Section        6  _printf_x.o(.ARM.Collect$$_printf_percent$$0000000C)
    .ARM.Collect$$_printf_percent$$0000000D  0x080001ac   Section        6  _printf_lli.o(.ARM.Collect$$_printf_percent$$0000000D)
    .ARM.Collect$$_printf_percent$$0000000E  0x080001b2   Section        6  _printf_lld.o(.ARM.Collect$$_printf_percent$$0000000E)
    .ARM.Collect$$_printf_percent$$0000000F  0x080001b8   Section        6  _printf_llu.o(.ARM.Collect$$_printf_percent$$0000000F)
    .ARM.Collect$$_printf_percent$$00000010  0x080001be   Section        6  _printf_llo.o(.ARM.Collect$$_printf_percent$$00000010)
    .ARM.Collect$$_printf_percent$$00000011  0x080001c4   Section        6  _printf_llx.o(.ARM.Collect$$_printf_percent$$00000011)
    .ARM.Collect$$_printf_percent$$00000012  0x080001ca   Section       10  _printf_l.o(.ARM.Collect$$_printf_percent$$00000012)
    .ARM.Collect$$_printf_percent$$00000013  0x080001d4   Section        6  _printf_c.o(.ARM.Collect$$_printf_percent$$00000013)
    .ARM.Collect$$_printf_percent$$00000014  0x080001da   Section        6  _printf_s.o(.ARM.Collect$$_printf_percent$$00000014)
    .ARM.Collect$$_printf_percent$$00000015  0x080001e0   Section        6  _printf_lc.o(.ARM.Collect$$_printf_percent$$00000015)
    .ARM.Collect$$_printf_percent$$00000016  0x080001e6   Section        6  _printf_ls.o(.ARM.Collect$$_printf_percent$$00000016)
    .ARM.Collect$$_printf_percent$$00000017  0x080001ec   Section        4  _printf_percent_end.o(.ARM.Collect$$_printf_percent$$00000017)
    .ARM.Collect$$libinit$$00000000          0x080001f0   Section        2  libinit.o(.ARM.Collect$$libinit$$00000000)
    .ARM.Collect$$libinit$$00000002          0x080001f2   Section        0  libinit2.o(.ARM.Collect$$libinit$$00000002)
    .ARM.Collect$$libinit$$00000004          0x080001f2   Section        0  libinit2.o(.ARM.Collect$$libinit$$00000004)
    .ARM.Collect$$libinit$$0000000A          0x080001f2   Section        0  libinit2.o(.ARM.Collect$$libinit$$0000000A)
    .ARM.Collect$$libinit$$0000000C          0x080001f2   Section        0  libinit2.o(.ARM.Collect$$libinit$$0000000C)
    .ARM.Collect$$libinit$$0000000E          0x080001f2   Section        0  libinit2.o(.ARM.Collect$$libinit$$0000000E)
    .ARM.Collect$$libinit$$0000000F          0x080001f2   Section        6  libinit2.o(.ARM.Collect$$libinit$$0000000F)
    .ARM.Collect$$libinit$$00000011          0x080001f8   Section        0  libinit2.o(.ARM.Collect$$libinit$$00000011)
    .ARM.Collect$$libinit$$00000012          0x080001f8   Section       12  libinit2.o(.ARM.Collect$$libinit$$00000012)
    .ARM.Collect$$libinit$$00000013          0x08000204   Section        0  libinit2.o(.ARM.Collect$$libinit$$00000013)
    .ARM.Collect$$libinit$$00000015          0x08000204   Section        0  libinit2.o(.ARM.Collect$$libinit$$00000015)
    .ARM.Collect$$libinit$$00000016          0x08000204   Section       10  libinit2.o(.ARM.Collect$$libinit$$00000016)
    .ARM.Collect$$libinit$$00000017          0x0800020e   Section        0  libinit2.o(.ARM.Collect$$libinit$$00000017)
    .ARM.Collect$$libinit$$00000019          0x0800020e   Section        0  libinit2.o(.ARM.Collect$$libinit$$00000019)
    .ARM.Collect$$libinit$$0000001B          0x0800020e   Section        0  libinit2.o(.ARM.Collect$$libinit$$0000001B)
    .ARM.Collect$$libinit$$0000001D          0x0800020e   Section        0  libinit2.o(.ARM.Collect$$libinit$$0000001D)
    .ARM.Collect$$libinit$$0000001F          0x0800020e   Section        0  libinit2.o(.ARM.Collect$$libinit$$0000001F)
    .ARM.Collect$$libinit$$00000021          0x0800020e   Section        0  libinit2.o(.ARM.Collect$$libinit$$00000021)
    .ARM.Collect$$libinit$$00000023          0x0800020e   Section        0  libinit2.o(.ARM.Collect$$libinit$$00000023)
    .ARM.Collect$$libinit$$00000025          0x0800020e   Section        0  libinit2.o(.ARM.Collect$$libinit$$00000025)
    .ARM.Collect$$libinit$$0000002C          0x0800020e   Section        0  libinit2.o(.ARM.Collect$$libinit$$0000002C)
    .ARM.Collect$$libinit$$0000002E          0x0800020e   Section        0  libinit2.o(.ARM.Collect$$libinit$$0000002E)
    .ARM.Collect$$libinit$$00000030          0x0800020e   Section        0  libinit2.o(.ARM.Collect$$libinit$$00000030)
    .ARM.Collect$$libinit$$00000032          0x0800020e   Section        0  libinit2.o(.ARM.Collect$$libinit$$00000032)
    .ARM.Collect$$libinit$$00000033          0x0800020e   Section        2  libinit2.o(.ARM.Collect$$libinit$$00000033)
    .ARM.Collect$$libshutdown$$00000000      0x08000210   Section        2  libshutdown.o(.ARM.Collect$$libshutdown$$00000000)
    .ARM.Collect$$libshutdown$$00000002      0x08000212   Section        0  libshutdown2.o(.ARM.Collect$$libshutdown$$00000002)
    .ARM.Collect$$libshutdown$$00000004      0x08000212   Section        0  libshutdown2.o(.ARM.Collect$$libshutdown$$00000004)
    .ARM.Collect$$libshutdown$$00000007      0x08000212   Section        0  libshutdown2.o(.ARM.Collect$$libshutdown$$00000007)
    .ARM.Collect$$libshutdown$$0000000A      0x08000212   Section        0  libshutdown2.o(.ARM.Collect$$libshutdown$$0000000A)
    .ARM.Collect$$libshutdown$$0000000C      0x08000212   Section        0  libshutdown2.o(.ARM.Collect$$libshutdown$$0000000C)
    .ARM.Collect$$libshutdown$$0000000F      0x08000212   Section        0  libshutdown2.o(.ARM.Collect$$libshutdown$$0000000F)
    .ARM.Collect$$libshutdown$$00000010      0x08000212   Section        2  libshutdown2.o(.ARM.Collect$$libshutdown$$00000010)
    .ARM.Collect$$rtentry$$00000000          0x08000214   Section        0  __rtentry.o(.ARM.Collect$$rtentry$$00000000)
    .ARM.Collect$$rtentry$$00000002          0x08000214   Section        0  __rtentry2.o(.ARM.Collect$$rtentry$$00000002)
    .ARM.Collect$$rtentry$$00000004          0x08000214   Section        6  __rtentry4.o(.ARM.Collect$$rtentry$$00000004)
    .ARM.Collect$$rtentry$$00000009          0x0800021a   Section        0  __rtentry2.o(.ARM.Collect$$rtentry$$00000009)
    .ARM.Collect$$rtentry$$0000000A          0x0800021a   Section        4  __rtentry2.o(.ARM.Collect$$rtentry$$0000000A)
    .ARM.Collect$$rtentry$$0000000C          0x0800021e   Section        0  __rtentry2.o(.ARM.Collect$$rtentry$$0000000C)
    .ARM.Collect$$rtentry$$0000000D          0x0800021e   Section        8  __rtentry2.o(.ARM.Collect$$rtentry$$0000000D)
    .ARM.Collect$$rtexit$$00000000           0x08000226   Section        2  rtexit.o(.ARM.Collect$$rtexit$$00000000)
    .ARM.Collect$$rtexit$$00000002           0x08000228   Section        0  rtexit2.o(.ARM.Collect$$rtexit$$00000002)
    .ARM.Collect$$rtexit$$00000003           0x08000228   Section        4  rtexit2.o(.ARM.Collect$$rtexit$$00000003)
    .ARM.Collect$$rtexit$$00000004           0x0800022c   Section        6  rtexit2.o(.ARM.Collect$$rtexit$$00000004)
    .text                                    0x08000234   Section       64  startup_stm32f103xb.o(.text)
    .text                                    0x08000274   Section        0  vsnprintf.o(.text)
    .text                                    0x080002a8   Section        0  strlen.o(.text)
    .text                                    0x080002e6   Section       78  rt_memclr_w.o(.text)
    .text                                    0x08000334   Section        0  heapauxi.o(.text)
    .text                                    0x0800033a   Section        0  _printf_pad.o(.text)
    .text                                    0x08000388   Section        0  _printf_truncate.o(.text)
    .text                                    0x080003ac   Section        0  _printf_str.o(.text)
    .text                                    0x08000400   Section        0  _printf_dec.o(.text)
    .text                                    0x08000478   Section        0  _printf_charcount.o(.text)
    .text                                    0x080004a0   Section        0  _printf_char_common.o(.text)
    _printf_input_char                       0x080004a1   Thumb Code    10  _printf_char_common.o(.text)
    .text                                    0x080004d0   Section        0  _sputc.o(.text)
    .text                                    0x080004da   Section        0  _snputc.o(.text)
    .text                                    0x080004ec   Section        0  _printf_wctomb.o(.text)
    .text                                    0x080005a8   Section        0  _printf_longlong_dec.o(.text)
    .text                                    0x08000624   Section        0  _printf_oct_int_ll.o(.text)
    _printf_longlong_oct_internal            0x08000625   Thumb Code     0  _printf_oct_int_ll.o(.text)
    .text                                    0x08000694   Section        0  _printf_hex_int_ll_ptr.o(.text)
    _printf_hex_common                       0x08000695   Thumb Code     0  _printf_hex_int_ll_ptr.o(.text)
    .text                                    0x08000728   Section        0  __printf_flags_ss_wp.o(.text)
    .text                                    0x080008b0   Section      138  lludiv10.o(.text)
    .text                                    0x0800093a   Section        0  _printf_intcommon.o(.text)
    .text                                    0x080009ec   Section        0  _printf_fp_dec.o(.text)
    _fp_digits                               0x080009ef   Thumb Code   432  _printf_fp_dec.o(.text)
    .text                                    0x08000e0c   Section        0  _printf_fp_hex.o(.text)
    .text                                    0x08001108   Section        0  _printf_char.o(.text)
    .text                                    0x08001134   Section        0  _printf_wchar.o(.text)
    .text                                    0x08001160   Section        0  _wcrtomb.o(.text)
    .text                                    0x080011a0   Section       74  sys_stackheap_outer.o(.text)
    .text                                    0x080011ec   Section       16  rt_ctype_table.o(.text)
    .text                                    0x080011fc   Section        8  rt_locale_intlibspace.o(.text)
    .text                                    0x08001204   Section        0  _printf_fp_infnan.o(.text)
    .text                                    0x08001284   Section        0  bigflt0.o(.text)
    .text                                    0x08001368   Section        0  exit.o(.text)
    .text                                    0x0800137c   Section        8  libspace.o(.text)
    .text                                    0x08001384   Section      128  strcmpv7m.o(.text)
    .text                                    0x08001404   Section        0  sys_exit.o(.text)
    .text                                    0x08001410   Section        2  use_no_semi.o(.text)
    .text                                    0x08001412   Section        0  indicate_semi.o(.text)
    CL$$btod_d2e                             0x08001412   Section       62  btod.o(CL$$btod_d2e)
    CL$$btod_d2e_denorm_low                  0x08001450   Section       70  btod.o(CL$$btod_d2e_denorm_low)
    CL$$btod_d2e_norm_op1                    0x08001496   Section       96  btod.o(CL$$btod_d2e_norm_op1)
    CL$$btod_div_common                      0x080014f6   Section      824  btod.o(CL$$btod_div_common)
    CL$$btod_e2e                             0x0800182e   Section      220  btod.o(CL$$btod_e2e)
    CL$$btod_ediv                            0x0800190a   Section       42  btod.o(CL$$btod_ediv)
    CL$$btod_emul                            0x08001934   Section       42  btod.o(CL$$btod_emul)
    CL$$btod_mult_common                     0x0800195e   Section      580  btod.o(CL$$btod_mult_common)
    i.ADC_ConversionStop_Disable             0x08001ba4   Section        0  stm32f1xx_hal_adc.o(i.ADC_ConversionStop_Disable)
    i.ADC_Enable                             0x08001bfc   Section        0  stm32f1xx_hal_adc.o(i.ADC_Enable)
    i.BusFault_Handler                       0x08001c78   Section        0  stm32f1xx_it.o(i.BusFault_Handler)
    i.DebugMon_Handler                       0x08001c7a   Section        0  stm32f1xx_it.o(i.DebugMon_Handler)
    i.HAL_ADC_ConfigChannel                  0x08001c7c   Section        0  stm32f1xx_hal_adc.o(i.HAL_ADC_ConfigChannel)
    i.HAL_ADC_GetValue                       0x08001d78   Section        0  stm32f1xx_hal_adc.o(i.HAL_ADC_GetValue)
    i.HAL_ADC_Init                           0x08001d80   Section        0  stm32f1xx_hal_adc.o(i.HAL_ADC_Init)
    i.HAL_ADC_MspInit                        0x08001e9c   Section        0  stm32f1xx_hal_msp.o(i.HAL_ADC_MspInit)
    i.HAL_ADC_PollForConversion              0x08001ef4   Section        0  stm32f1xx_hal_adc.o(i.HAL_ADC_PollForConversion)
    i.HAL_ADC_Start                          0x08002030   Section        0  stm32f1xx_hal_adc.o(i.HAL_ADC_Start)
    i.HAL_Delay                              0x080020f0   Section        0  stm32f1xx_hal.o(i.HAL_Delay)
    i.HAL_GPIO_Init                          0x08002114   Section        0  stm32f1xx_hal_gpio.o(i.HAL_GPIO_Init)
    i.HAL_GPIO_ReadPin                       0x080022f4   Section        0  stm32f1xx_hal_gpio.o(i.HAL_GPIO_ReadPin)
    i.HAL_GPIO_WritePin                      0x080022fe   Section        0  stm32f1xx_hal_gpio.o(i.HAL_GPIO_WritePin)
    i.HAL_GetTick                            0x08002308   Section        0  stm32f1xx_hal.o(i.HAL_GetTick)
    i.HAL_I2C_Init                           0x08002314   Section        0  stm32f1xx_hal_i2c.o(i.HAL_I2C_Init)
    i.HAL_I2C_MspInit                        0x0800249c   Section        0  stm32f1xx_hal_msp.o(i.HAL_I2C_MspInit)
    i.HAL_IncTick                            0x0800250c   Section        0  stm32f1xx_hal.o(i.HAL_IncTick)
    i.HAL_Init                               0x0800251c   Section        0  stm32f1xx_hal.o(i.HAL_Init)
    i.HAL_InitTick                           0x08002540   Section        0  stm32f1xx_hal.o(i.HAL_InitTick)
    i.HAL_MspInit                            0x08002580   Section        0  stm32f1xx_hal_msp.o(i.HAL_MspInit)
    i.HAL_NVIC_SetPriority                   0x080025bc   Section        0  stm32f1xx_hal_cortex.o(i.HAL_NVIC_SetPriority)
    i.HAL_NVIC_SetPriorityGrouping           0x080025fc   Section        0  stm32f1xx_hal_cortex.o(i.HAL_NVIC_SetPriorityGrouping)
    i.HAL_RCCEx_GetPeriphCLKFreq             0x08002620   Section        0  stm32f1xx_hal_rcc_ex.o(i.HAL_RCCEx_GetPeriphCLKFreq)
    i.HAL_RCCEx_PeriphCLKConfig              0x080026c4   Section        0  stm32f1xx_hal_rcc_ex.o(i.HAL_RCCEx_PeriphCLKConfig)
    i.HAL_RCC_ClockConfig                    0x080027b0   Section        0  stm32f1xx_hal_rcc.o(i.HAL_RCC_ClockConfig)
    i.HAL_RCC_GetPCLK1Freq                   0x080028dc   Section        0  stm32f1xx_hal_rcc.o(i.HAL_RCC_GetPCLK1Freq)
    i.HAL_RCC_GetPCLK2Freq                   0x080028fc   Section        0  stm32f1xx_hal_rcc.o(i.HAL_RCC_GetPCLK2Freq)
    i.HAL_RCC_GetSysClockFreq                0x0800291c   Section        0  stm32f1xx_hal_rcc.o(i.HAL_RCC_GetSysClockFreq)
    i.HAL_RCC_OscConfig                      0x08002968   Section        0  stm32f1xx_hal_rcc.o(i.HAL_RCC_OscConfig)
    i.HAL_SYSTICK_Config                     0x08002c88   Section        0  stm32f1xx_hal_cortex.o(i.HAL_SYSTICK_Config)
    i.HAL_UART_Init                          0x08002cb0   Section        0  stm32f1xx_hal_uart.o(i.HAL_UART_Init)
    i.HAL_UART_MspInit                       0x08002d14   Section        0  stm32f1xx_hal_msp.o(i.HAL_UART_MspInit)
    i.HAL_UART_Transmit                      0x08002d84   Section        0  stm32f1xx_hal_uart.o(i.HAL_UART_Transmit)
    i.HardFault_Handler                      0x08002e24   Section        0  stm32f1xx_it.o(i.HardFault_Handler)
    i.MX_ADC1_Init                           0x08002e28   Section        0  main.o(i.MX_ADC1_Init)
    MX_ADC1_Init                             0x08002e29   Thumb Code    72  main.o(i.MX_ADC1_Init)
    i.MemManage_Handler                      0x08002e78   Section        0  stm32f1xx_it.o(i.MemManage_Handler)
    i.NMI_Handler                            0x08002e7a   Section        0  stm32f1xx_it.o(i.NMI_Handler)
    i.PendSV_Handler                         0x08002e7c   Section        0  stm32f1xx_it.o(i.PendSV_Handler)
    i.SVC_Handler                            0x08002e7e   Section        0  stm32f1xx_it.o(i.SVC_Handler)
    i.SysTick_Handler                        0x08002e80   Section        0  stm32f1xx_it.o(i.SysTick_Handler)
    i.SystemClock_Config                     0x08002e84   Section        0  main.o(i.SystemClock_Config)
    i.SystemInit                             0x08002ef0   Section        0  system_stm32f1xx.o(i.SystemInit)
    i.UART_EndRxTransfer                     0x08002ef2   Section        0  stm32f1xx_hal_uart.o(i.UART_EndRxTransfer)
    UART_EndRxTransfer                       0x08002ef3   Thumb Code    78  stm32f1xx_hal_uart.o(i.UART_EndRxTransfer)
    i.UART_SetConfig                         0x08002f40   Section        0  stm32f1xx_hal_uart.o(i.UART_SetConfig)
    UART_SetConfig                           0x08002f41   Thumb Code   178  stm32f1xx_hal_uart.o(i.UART_SetConfig)
    i.UART_WaitOnFlagUntilTimeout            0x08002ff8   Section        0  stm32f1xx_hal_uart.o(i.UART_WaitOnFlagUntilTimeout)
    UART_WaitOnFlagUntilTimeout              0x08002ff9   Thumb Code   114  stm32f1xx_hal_uart.o(i.UART_WaitOnFlagUntilTimeout)
    i.UsageFault_Handler                     0x0800306a   Section        0  stm32f1xx_it.o(i.UsageFault_Handler)
    i.__ARM_fpclassify                       0x0800306c   Section        0  fpclassify.o(i.__ARM_fpclassify)
    i.__NVIC_SetPriority                     0x08003094   Section        0  stm32f1xx_hal_cortex.o(i.__NVIC_SetPriority)
    __NVIC_SetPriority                       0x08003095   Thumb Code    32  stm32f1xx_hal_cortex.o(i.__NVIC_SetPriority)
    i._is_digit                              0x080030b4   Section        0  __printf_wp.o(i._is_digit)
    i.i2c_soft_delay                         0x080030c2   Section        0  i2c.o(i.i2c_soft_delay)
    i.i2c_soft_init                          0x080030d2   Section        0  i2c.o(i.i2c_soft_init)
    i.i2c_soft_scl_high                      0x080030f0   Section        0  i2c.o(i.i2c_soft_scl_high)
    i2c_soft_scl_high                        0x080030f1   Thumb Code    10  i2c.o(i.i2c_soft_scl_high)
    i.i2c_soft_scl_low                       0x080030fa   Section        0  i2c.o(i.i2c_soft_scl_low)
    i2c_soft_scl_low                         0x080030fb   Thumb Code    10  i2c.o(i.i2c_soft_scl_low)
    i.i2c_soft_sda_high                      0x08003104   Section        0  i2c.o(i.i2c_soft_sda_high)
    i2c_soft_sda_high                        0x08003105   Thumb Code    10  i2c.o(i.i2c_soft_sda_high)
    i.i2c_soft_sda_low                       0x0800310e   Section        0  i2c.o(i.i2c_soft_sda_low)
    i2c_soft_sda_low                         0x0800310f   Thumb Code    10  i2c.o(i.i2c_soft_sda_low)
    i.i2c_soft_sda_read                      0x08003118   Section        0  i2c.o(i.i2c_soft_sda_read)
    i2c_soft_sda_read                        0x08003119   Thumb Code    18  i2c.o(i.i2c_soft_sda_read)
    i.i2c_soft_start                         0x0800312a   Section        0  i2c.o(i.i2c_soft_start)
    i2c_soft_start                           0x0800312b   Thumb Code    38  i2c.o(i.i2c_soft_start)
    i.i2c_soft_stop                          0x08003150   Section        0  i2c.o(i.i2c_soft_stop)
    i2c_soft_stop                            0x08003151   Thumb Code    36  i2c.o(i.i2c_soft_stop)
    i.i2c_soft_write_addr8_bytes             0x08003174   Section        0  i2c.o(i.i2c_soft_write_addr8_bytes)
    i.i2c_soft_write_byte                    0x080031c4   Section        0  i2c.o(i.i2c_soft_write_byte)
    i2c_soft_write_byte                      0x080031c5   Thumb Code    98  i2c.o(i.i2c_soft_write_byte)
    i.lcd_clear                              0x08003226   Section        0  lcd_soft_i2c.o(i.lcd_clear)
    i.lcd_init                               0x08003238   Section        0  lcd_soft_i2c.o(i.lcd_init)
    i.lcd_send_cmd                           0x08003278   Section        0  lcd_soft_i2c.o(i.lcd_send_cmd)
    i.lcd_send_data                          0x080032aa   Section        0  lcd_soft_i2c.o(i.lcd_send_data)
    i.lcd_send_string                        0x080032e4   Section        0  lcd_soft_i2c.o(i.lcd_send_string)
    i.main                                   0x080032fc   Section        0  main.o(i.main)
    i.transmit                               0x08003438   Section        0  main.o(i.transmit)
    locale$$code                             0x0800346c   Section       44  lc_numeric_c.o(locale$$code)
    locale$$code                             0x08003498   Section       44  lc_ctype_c.o(locale$$code)
    x$fpl$printf1                            0x080034c4   Section        4  printf1.o(x$fpl$printf1)
    x$fpl$printf2                            0x080034c8   Section        4  printf2.o(x$fpl$printf2)
    .constdata                               0x080034cc   Section       18  stm32f1xx_hal_rcc.o(.constdata)
    x$fpl$usenofp                            0x080034cc   Section        0  usenofp.o(x$fpl$usenofp)
    aPredivFactorTable                       0x080034cc   Data           2  stm32f1xx_hal_rcc.o(.constdata)
    aPLLMULFactorTable                       0x080034ce   Data          16  stm32f1xx_hal_rcc.o(.constdata)
    .constdata                               0x080034de   Section       18  stm32f1xx_hal_rcc_ex.o(.constdata)
    aPredivFactorTable                       0x080034de   Data           2  stm32f1xx_hal_rcc_ex.o(.constdata)
    aPLLMULFactorTable                       0x080034e0   Data          16  stm32f1xx_hal_rcc_ex.o(.constdata)
    .constdata                               0x080034f0   Section       16  system_stm32f1xx.o(.constdata)
    .constdata                               0x08003500   Section        8  system_stm32f1xx.o(.constdata)
    .constdata                               0x08003508   Section        8  _printf_wctomb.o(.constdata)
    initial_mbstate                          0x08003508   Data           8  _printf_wctomb.o(.constdata)
    .constdata                               0x08003510   Section       40  _printf_hex_int_ll_ptr.o(.constdata)
    uc_hextab                                0x08003510   Data          20  _printf_hex_int_ll_ptr.o(.constdata)
    lc_hextab                                0x08003524   Data          20  _printf_hex_int_ll_ptr.o(.constdata)
    .constdata                               0x08003538   Section       17  __printf_flags_ss_wp.o(.constdata)
    maptable                                 0x08003538   Data          17  __printf_flags_ss_wp.o(.constdata)
    .constdata                               0x08003549   Section       38  _printf_fp_hex.o(.constdata)
    lc_hextab                                0x08003549   Data          19  _printf_fp_hex.o(.constdata)
    uc_hextab                                0x0800355c   Data          19  _printf_fp_hex.o(.constdata)
    .constdata                               0x08003570   Section      148  bigflt0.o(.constdata)
    tenpwrs_x                                0x08003570   Data          60  bigflt0.o(.constdata)
    tenpwrs_i                                0x080035ac   Data          64  bigflt0.o(.constdata)
    locale$$data                             0x08003624   Section       28  lc_numeric_c.o(locale$$data)
    __lcnum_c_name                           0x08003628   Data           2  lc_numeric_c.o(locale$$data)
    __lcnum_c_start                          0x08003630   Data           0  lc_numeric_c.o(locale$$data)
    __lcnum_c_point                          0x0800363c   Data           0  lc_numeric_c.o(locale$$data)
    __lcnum_c_thousands                      0x0800363e   Data           0  lc_numeric_c.o(locale$$data)
    __lcnum_c_grouping                       0x0800363f   Data           0  lc_numeric_c.o(locale$$data)
    locale$$data                             0x08003640   Section      272  lc_ctype_c.o(locale$$data)
    __lcnum_c_end                            0x08003640   Data           0  lc_numeric_c.o(locale$$data)
    __lcctype_c_name                         0x08003644   Data           2  lc_ctype_c.o(locale$$data)
    __lcctype_c_start                        0x0800364c   Data           0  lc_ctype_c.o(locale$$data)
    __lcctype_c_end                          0x08003750   Data           0  lc_ctype_c.o(locale$$data)
    .data                                    0x20000000   Section        8  main.o(.data)
    .data                                    0x20000008   Section       12  stm32f1xx_hal.o(.data)
    .data                                    0x20000014   Section        4  system_stm32f1xx.o(.data)
    .bss                                     0x20000018   Section      476  main.o(.bss)
    .bss                                     0x200001f4   Section       96  libspace.o(.bss)
    HEAP                                     0x20000258   Section      512  startup_stm32f103xb.o(HEAP)
    Heap_Mem                                 0x20000258   Data         512  startup_stm32f103xb.o(HEAP)
    STACK                                    0x20000458   Section     1024  startup_stm32f103xb.o(STACK)
    Stack_Mem                                0x20000458   Data        1024  startup_stm32f103xb.o(STACK)
    __initial_sp                             0x20000858   Data           0  startup_stm32f103xb.o(STACK)

    Global Symbols

    Symbol Name                              Value     Ov Type        Size  Object(Section)

    BuildAttributes$$THM_ISAv4$P$D$K$B$S$PE$A:L22UL41UL21$X:L11$S22US41US21$IEEE1$IW$USESV6$~STKCKD$USESV7$~SHL$OTIME$ROPI$IEEEJ$EBA8$UX$STANDARDLIB$REQ8$PRES8$EABIv2 0x00000000   Number         0  anon$$obj.o ABSOLUTE
    __ARM_use_no_argv                        0x00000000   Number         0  main.o ABSOLUTE
    _printf_flags                            0x00000000   Number         0  printf_stubs.o ABSOLUTE
    _printf_return_value                     0x00000000   Number         0  printf_stubs.o ABSOLUTE
    _printf_sizespec                         0x00000000   Number         0  printf_stubs.o ABSOLUTE
    _printf_widthprec                        0x00000000   Number         0  printf_stubs.o ABSOLUTE
    __ARM_exceptions_init                     - Undefined Weak Reference
    __alloca_initialize                       - Undefined Weak Reference
    __arm_preinit_                            - Undefined Weak Reference
    __cpp_initialize__aeabi_                  - Undefined Weak Reference
    __cxa_finalize                            - Undefined Weak Reference
    __sigvec_lookup                           - Undefined Weak Reference
    _atexit_init                              - Undefined Weak Reference
    _call_atexit_fns                          - Undefined Weak Reference
    _clock_init                               - Undefined Weak Reference
    _fp_trap_init                             - Undefined Weak Reference
    _fp_trap_shutdown                         - Undefined Weak Reference
    _get_lc_collate                           - Undefined Weak Reference
    _get_lc_monetary                          - Undefined Weak Reference
    _get_lc_time                              - Undefined Weak Reference
    _getenv_init                              - Undefined Weak Reference
    _handle_redirection                       - Undefined Weak Reference
    _init_alloc                               - Undefined Weak Reference
    _init_user_alloc                          - Undefined Weak Reference
    _initio                                   - Undefined Weak Reference
    _printf_mbtowc                            - Undefined Weak Reference
    _printf_wc                                - Undefined Weak Reference
    _rand_init                                - Undefined Weak Reference
    _signal_finish                            - Undefined Weak Reference
    _signal_init                              - Undefined Weak Reference
    _terminate_alloc                          - Undefined Weak Reference
    _terminate_user_alloc                     - Undefined Weak Reference
    _terminateio                              - Undefined Weak Reference
    __Vectors_Size                           0x000000ec   Number         0  startup_stm32f103xb.o ABSOLUTE
    __Vectors                                0x08000000   Data           4  startup_stm32f103xb.o(RESET)
    __Vectors_End                            0x080000ec   Data           0  startup_stm32f103xb.o(RESET)
    __main                                   0x080000ed   Thumb Code     8  __main.o(!!!main)
    __scatterload                            0x080000f5   Thumb Code     0  __scatter.o(!!!scatter)
    __scatterload_rt2                        0x080000f5   Thumb Code    44  __scatter.o(!!!scatter)
    __scatterload_rt2_thumb_only             0x080000f5   Thumb Code     0  __scatter.o(!!!scatter)
    __scatterload_null                       0x08000103   Thumb Code     0  __scatter.o(!!!scatter)
    __scatterload_copy                       0x08000129   Thumb Code    26  __scatter_copy.o(!!handler_copy)
    __scatterload_zeroinit                   0x08000145   Thumb Code    28  __scatter_zi.o(!!handler_zi)
    _printf_n                                0x08000161   Thumb Code     0  _printf_n.o(.ARM.Collect$$_printf_percent$$00000001)
    _printf_percent                          0x08000161   Thumb Code     0  _printf_percent.o(.ARM.Collect$$_printf_percent$$00000000)
    _printf_p                                0x08000167   Thumb Code     0  _printf_p.o(.ARM.Collect$$_printf_percent$$00000002)
    _printf_f                                0x0800016d   Thumb Code     0  _printf_f.o(.ARM.Collect$$_printf_percent$$00000003)
    _printf_e                                0x08000173   Thumb Code     0  _printf_e.o(.ARM.Collect$$_printf_percent$$00000004)
    _printf_g                                0x08000179   Thumb Code     0  _printf_g.o(.ARM.Collect$$_printf_percent$$00000005)
    _printf_a                                0x0800017f   Thumb Code     0  _printf_a.o(.ARM.Collect$$_printf_percent$$00000006)
    _printf_ll                               0x08000185   Thumb Code     0  _printf_ll.o(.ARM.Collect$$_printf_percent$$00000007)
    _printf_i                                0x0800018f   Thumb Code     0  _printf_i.o(.ARM.Collect$$_printf_percent$$00000008)
    _printf_d                                0x08000195   Thumb Code     0  _printf_d.o(.ARM.Collect$$_printf_percent$$00000009)
    _printf_u                                0x0800019b   Thumb Code     0  _printf_u.o(.ARM.Collect$$_printf_percent$$0000000A)
    _printf_o                                0x080001a1   Thumb Code     0  _printf_o.o(.ARM.Collect$$_printf_percent$$0000000B)
    _printf_x                                0x080001a7   Thumb Code     0  _printf_x.o(.ARM.Collect$$_printf_percent$$0000000C)
    _printf_lli                              0x080001ad   Thumb Code     0  _printf_lli.o(.ARM.Collect$$_printf_percent$$0000000D)
    _printf_lld                              0x080001b3   Thumb Code     0  _printf_lld.o(.ARM.Collect$$_printf_percent$$0000000E)
    _printf_llu                              0x080001b9   Thumb Code     0  _printf_llu.o(.ARM.Collect$$_printf_percent$$0000000F)
    _printf_llo                              0x080001bf   Thumb Code     0  _printf_llo.o(.ARM.Collect$$_printf_percent$$00000010)
    _printf_llx                              0x080001c5   Thumb Code     0  _printf_llx.o(.ARM.Collect$$_printf_percent$$00000011)
    _printf_l                                0x080001cb   Thumb Code     0  _printf_l.o(.ARM.Collect$$_printf_percent$$00000012)
    _printf_c                                0x080001d5   Thumb Code     0  _printf_c.o(.ARM.Collect$$_printf_percent$$00000013)
    _printf_s                                0x080001db   Thumb Code     0  _printf_s.o(.ARM.Collect$$_printf_percent$$00000014)
    _printf_lc                               0x080001e1   Thumb Code     0  _printf_lc.o(.ARM.Collect$$_printf_percent$$00000015)
    _printf_ls                               0x080001e7   Thumb Code     0  _printf_ls.o(.ARM.Collect$$_printf_percent$$00000016)
    _printf_percent_end                      0x080001ed   Thumb Code     0  _printf_percent_end.o(.ARM.Collect$$_printf_percent$$00000017)
    __rt_lib_init                            0x080001f1   Thumb Code     0  libinit.o(.ARM.Collect$$libinit$$00000000)
    __rt_lib_init_fp_1                       0x080001f3   Thumb Code     0  libinit2.o(.ARM.Collect$$libinit$$00000002)
    __rt_lib_init_heap_1                     0x080001f3   Thumb Code     0  libinit2.o(.ARM.Collect$$libinit$$0000000A)
    __rt_lib_init_lc_common                  0x080001f3   Thumb Code     0  libinit2.o(.ARM.Collect$$libinit$$0000000F)
    __rt_lib_init_preinit_1                  0x080001f3   Thumb Code     0  libinit2.o(.ARM.Collect$$libinit$$00000004)
    __rt_lib_init_rand_1                     0x080001f3   Thumb Code     0  libinit2.o(.ARM.Collect$$libinit$$0000000E)
    __rt_lib_init_user_alloc_1               0x080001f3   Thumb Code     0  libinit2.o(.ARM.Collect$$libinit$$0000000C)
    __rt_lib_init_lc_collate_1               0x080001f9   Thumb Code     0  libinit2.o(.ARM.Collect$$libinit$$00000011)
    __rt_lib_init_lc_ctype_2                 0x080001f9   Thumb Code     0  libinit2.o(.ARM.Collect$$libinit$$00000012)
    __rt_lib_init_lc_ctype_1                 0x08000205   Thumb Code     0  libinit2.o(.ARM.Collect$$libinit$$00000013)
    __rt_lib_init_lc_monetary_1              0x08000205   Thumb Code     0  libinit2.o(.ARM.Collect$$libinit$$00000015)
    __rt_lib_init_lc_numeric_2               0x08000205   Thumb Code     0  libinit2.o(.ARM.Collect$$libinit$$00000016)
    __rt_lib_init_alloca_1                   0x0800020f   Thumb Code     0  libinit2.o(.ARM.Collect$$libinit$$0000002E)
    __rt_lib_init_argv_1                     0x0800020f   Thumb Code     0  libinit2.o(.ARM.Collect$$libinit$$0000002C)
    __rt_lib_init_atexit_1                   0x0800020f   Thumb Code     0  libinit2.o(.ARM.Collect$$libinit$$0000001B)
    __rt_lib_init_clock_1                    0x0800020f   Thumb Code     0  libinit2.o(.ARM.Collect$$libinit$$00000021)
    __rt_lib_init_cpp_1                      0x0800020f   Thumb Code     0  libinit2.o(.ARM.Collect$$libinit$$00000032)
    __rt_lib_init_exceptions_1               0x0800020f   Thumb Code     0  libinit2.o(.ARM.Collect$$libinit$$00000030)
    __rt_lib_init_fp_trap_1                  0x0800020f   Thumb Code     0  libinit2.o(.ARM.Collect$$libinit$$0000001F)
    __rt_lib_init_getenv_1                   0x0800020f   Thumb Code     0  libinit2.o(.ARM.Collect$$libinit$$00000023)
    __rt_lib_init_lc_numeric_1               0x0800020f   Thumb Code     0  libinit2.o(.ARM.Collect$$libinit$$00000017)
    __rt_lib_init_lc_time_1                  0x0800020f   Thumb Code     0  libinit2.o(.ARM.Collect$$libinit$$00000019)
    __rt_lib_init_return                     0x0800020f   Thumb Code     0  libinit2.o(.ARM.Collect$$libinit$$00000033)
    __rt_lib_init_signal_1                   0x0800020f   Thumb Code     0  libinit2.o(.ARM.Collect$$libinit$$0000001D)
    __rt_lib_init_stdio_1                    0x0800020f   Thumb Code     0  libinit2.o(.ARM.Collect$$libinit$$00000025)
    __rt_lib_shutdown                        0x08000211   Thumb Code     0  libshutdown.o(.ARM.Collect$$libshutdown$$00000000)
    __rt_lib_shutdown_cpp_1                  0x08000213   Thumb Code     0  libshutdown2.o(.ARM.Collect$$libshutdown$$00000002)
    __rt_lib_shutdown_fp_trap_1              0x08000213   Thumb Code     0  libshutdown2.o(.ARM.Collect$$libshutdown$$00000007)
    __rt_lib_shutdown_heap_1                 0x08000213   Thumb Code     0  libshutdown2.o(.ARM.Collect$$libshutdown$$0000000F)
    __rt_lib_shutdown_return                 0x08000213   Thumb Code     0  libshutdown2.o(.ARM.Collect$$libshutdown$$00000010)
    __rt_lib_shutdown_signal_1               0x08000213   Thumb Code     0  libshutdown2.o(.ARM.Collect$$libshutdown$$0000000A)
    __rt_lib_shutdown_stdio_1                0x08000213   Thumb Code     0  libshutdown2.o(.ARM.Collect$$libshutdown$$00000004)
    __rt_lib_shutdown_user_alloc_1           0x08000213   Thumb Code     0  libshutdown2.o(.ARM.Collect$$libshutdown$$0000000C)
    __rt_entry                               0x08000215   Thumb Code     0  __rtentry.o(.ARM.Collect$$rtentry$$00000000)
    __rt_entry_presh_1                       0x08000215   Thumb Code     0  __rtentry2.o(.ARM.Collect$$rtentry$$00000002)
    __rt_entry_sh                            0x08000215   Thumb Code     0  __rtentry4.o(.ARM.Collect$$rtentry$$00000004)
    __rt_entry_li                            0x0800021b   Thumb Code     0  __rtentry2.o(.ARM.Collect$$rtentry$$0000000A)
    __rt_entry_postsh_1                      0x0800021b   Thumb Code     0  __rtentry2.o(.ARM.Collect$$rtentry$$00000009)
    __rt_entry_main                          0x0800021f   Thumb Code     0  __rtentry2.o(.ARM.Collect$$rtentry$$0000000D)
    __rt_entry_postli_1                      0x0800021f   Thumb Code     0  __rtentry2.o(.ARM.Collect$$rtentry$$0000000C)
    __rt_exit                                0x08000227   Thumb Code     0  rtexit.o(.ARM.Collect$$rtexit$$00000000)
    __rt_exit_ls                             0x08000229   Thumb Code     0  rtexit2.o(.ARM.Collect$$rtexit$$00000003)
    __rt_exit_prels_1                        0x08000229   Thumb Code     0  rtexit2.o(.ARM.Collect$$rtexit$$00000002)
    __rt_exit_exit                           0x0800022d   Thumb Code     0  rtexit2.o(.ARM.Collect$$rtexit$$00000004)
    Reset_Handler                            0x08000235   Thumb Code     8  startup_stm32f103xb.o(.text)
    ADC1_2_IRQHandler                        0x0800024f   Thumb Code     0  startup_stm32f103xb.o(.text)
    CAN1_RX1_IRQHandler                      0x0800024f   Thumb Code     0  startup_stm32f103xb.o(.text)
    CAN1_SCE_IRQHandler                      0x0800024f   Thumb Code     0  startup_stm32f103xb.o(.text)
    DMA1_Channel1_IRQHandler                 0x0800024f   Thumb Code     0  startup_stm32f103xb.o(.text)
    DMA1_Channel2_IRQHandler                 0x0800024f   Thumb Code     0  startup_stm32f103xb.o(.text)
    DMA1_Channel3_IRQHandler                 0x0800024f   Thumb Code     0  startup_stm32f103xb.o(.text)
    DMA1_Channel4_IRQHandler                 0x0800024f   Thumb Code     0  startup_stm32f103xb.o(.text)
    DMA1_Channel5_IRQHandler                 0x0800024f   Thumb Code     0  startup_stm32f103xb.o(.text)
    DMA1_Channel6_IRQHandler                 0x0800024f   Thumb Code     0  startup_stm32f103xb.o(.text)
    DMA1_Channel7_IRQHandler                 0x0800024f   Thumb Code     0  startup_stm32f103xb.o(.text)
    EXTI0_IRQHandler                         0x0800024f   Thumb Code     0  startup_stm32f103xb.o(.text)
    EXTI15_10_IRQHandler                     0x0800024f   Thumb Code     0  startup_stm32f103xb.o(.text)
    EXTI1_IRQHandler                         0x0800024f   Thumb Code     0  startup_stm32f103xb.o(.text)
    EXTI2_IRQHandler                         0x0800024f   Thumb Code     0  startup_stm32f103xb.o(.text)
    EXTI3_IRQHandler                         0x0800024f   Thumb Code     0  startup_stm32f103xb.o(.text)
    EXTI4_IRQHandler                         0x0800024f   Thumb Code     0  startup_stm32f103xb.o(.text)
    EXTI9_5_IRQHandler                       0x0800024f   Thumb Code     0  startup_stm32f103xb.o(.text)
    FLASH_IRQHandler                         0x0800024f   Thumb Code     0  startup_stm32f103xb.o(.text)
    I2C1_ER_IRQHandler                       0x0800024f   Thumb Code     0  startup_stm32f103xb.o(.text)
    I2C1_EV_IRQHandler                       0x0800024f   Thumb Code     0  startup_stm32f103xb.o(.text)
    I2C2_ER_IRQHandler                       0x0800024f   Thumb Code     0  startup_stm32f103xb.o(.text)
    I2C2_EV_IRQHandler                       0x0800024f   Thumb Code     0  startup_stm32f103xb.o(.text)
    PVD_IRQHandler                           0x0800024f   Thumb Code     0  startup_stm32f103xb.o(.text)
    RCC_IRQHandler                           0x0800024f   Thumb Code     0  startup_stm32f103xb.o(.text)
    RTC_Alarm_IRQHandler                     0x0800024f   Thumb Code     0  startup_stm32f103xb.o(.text)
    RTC_IRQHandler                           0x0800024f   Thumb Code     0  startup_stm32f103xb.o(.text)
    SPI1_IRQHandler                          0x0800024f   Thumb Code     0  startup_stm32f103xb.o(.text)
    SPI2_IRQHandler                          0x0800024f   Thumb Code     0  startup_stm32f103xb.o(.text)
    TAMPER_IRQHandler                        0x0800024f   Thumb Code     0  startup_stm32f103xb.o(.text)
    TIM1_BRK_IRQHandler                      0x0800024f   Thumb Code     0  startup_stm32f103xb.o(.text)
    TIM1_CC_IRQHandler                       0x0800024f   Thumb Code     0  startup_stm32f103xb.o(.text)
    TIM1_TRG_COM_IRQHandler                  0x0800024f   Thumb Code     0  startup_stm32f103xb.o(.text)
    TIM1_UP_IRQHandler                       0x0800024f   Thumb Code     0  startup_stm32f103xb.o(.text)
    TIM2_IRQHandler                          0x0800024f   Thumb Code     0  startup_stm32f103xb.o(.text)
    TIM3_IRQHandler                          0x0800024f   Thumb Code     0  startup_stm32f103xb.o(.text)
    TIM4_IRQHandler                          0x0800024f   Thumb Code     0  startup_stm32f103xb.o(.text)
    USART1_IRQHandler                        0x0800024f   Thumb Code     0  startup_stm32f103xb.o(.text)
    USART2_IRQHandler                        0x0800024f   Thumb Code     0  startup_stm32f103xb.o(.text)
    USART3_IRQHandler                        0x0800024f   Thumb Code     0  startup_stm32f103xb.o(.text)
    USBWakeUp_IRQHandler                     0x0800024f   Thumb Code     0  startup_stm32f103xb.o(.text)
    USB_HP_CAN1_TX_IRQHandler                0x0800024f   Thumb Code     0  startup_stm32f103xb.o(.text)
    USB_LP_CAN1_RX0_IRQHandler               0x0800024f   Thumb Code     0  startup_stm32f103xb.o(.text)
    WWDG_IRQHandler                          0x0800024f   Thumb Code     0  startup_stm32f103xb.o(.text)
    __user_initial_stackheap                 0x08000251   Thumb Code     0  startup_stm32f103xb.o(.text)
    vsnprintf                                0x08000275   Thumb Code    48  vsnprintf.o(.text)
    strlen                                   0x080002a9   Thumb Code    62  strlen.o(.text)
    __aeabi_memclr4                          0x080002e7   Thumb Code     0  rt_memclr_w.o(.text)
    __aeabi_memclr8                          0x080002e7   Thumb Code     0  rt_memclr_w.o(.text)
    __rt_memclr_w                            0x080002e7   Thumb Code    78  rt_memclr_w.o(.text)
    _memset_w                                0x080002eb   Thumb Code     0  rt_memclr_w.o(.text)
    __use_two_region_memory                  0x08000335   Thumb Code     2  heapauxi.o(.text)
    __rt_heap_escrow$2region                 0x08000337   Thumb Code     2  heapauxi.o(.text)
    __rt_heap_expand$2region                 0x08000339   Thumb Code     2  heapauxi.o(.text)
    _printf_pre_padding                      0x0800033b   Thumb Code    44  _printf_pad.o(.text)
    _printf_post_padding                     0x08000367   Thumb Code    34  _printf_pad.o(.text)
    _printf_truncate_signed                  0x08000389   Thumb Code    18  _printf_truncate.o(.text)
    _printf_truncate_unsigned                0x0800039b   Thumb Code    18  _printf_truncate.o(.text)
    _printf_str                              0x080003ad   Thumb Code    82  _printf_str.o(.text)
    _printf_int_dec                          0x08000401   Thumb Code   104  _printf_dec.o(.text)
    _printf_charcount                        0x08000479   Thumb Code    40  _printf_charcount.o(.text)
    _printf_char_common                      0x080004ab   Thumb Code    32  _printf_char_common.o(.text)
    _sputc                                   0x080004d1   Thumb Code    10  _sputc.o(.text)
    _snputc                                  0x080004db   Thumb Code    16  _snputc.o(.text)
    _printf_wctomb                           0x080004ed   Thumb Code   182  _printf_wctomb.o(.text)
    _printf_longlong_dec                     0x080005a9   Thumb Code   108  _printf_longlong_dec.o(.text)
    _printf_longlong_oct                     0x08000625   Thumb Code    66  _printf_oct_int_ll.o(.text)
    _printf_int_oct                          0x08000667   Thumb Code    24  _printf_oct_int_ll.o(.text)
    _printf_ll_oct                           0x0800067f   Thumb Code    12  _printf_oct_int_ll.o(.text)
    _printf_longlong_hex                     0x08000695   Thumb Code    86  _printf_hex_int_ll_ptr.o(.text)
    _printf_int_hex                          0x080006eb   Thumb Code    28  _printf_hex_int_ll_ptr.o(.text)
    _printf_ll_hex                           0x08000707   Thumb Code    12  _printf_hex_int_ll_ptr.o(.text)
    _printf_hex_ptr                          0x08000713   Thumb Code    18  _printf_hex_int_ll_ptr.o(.text)
    __printf                                 0x08000729   Thumb Code   388  __printf_flags_ss_wp.o(.text)
    _ll_udiv10                               0x080008b1   Thumb Code   138  lludiv10.o(.text)
    _printf_int_common                       0x0800093b   Thumb Code   178  _printf_intcommon.o(.text)
    __lib_sel_fp_printf                      0x080009ed   Thumb Code     2  _printf_fp_dec.o(.text)
    _printf_fp_dec_real                      0x08000b9f   Thumb Code   620  _printf_fp_dec.o(.text)
    _printf_fp_hex_real                      0x08000e0d   Thumb Code   756  _printf_fp_hex.o(.text)
    _printf_cs_common                        0x08001109   Thumb Code    20  _printf_char.o(.text)
    _printf_char                             0x0800111d   Thumb Code    16  _printf_char.o(.text)
    _printf_string                           0x0800112d   Thumb Code     8  _printf_char.o(.text)
    _printf_lcs_common                       0x08001135   Thumb Code    20  _printf_wchar.o(.text)
    _printf_wchar                            0x08001149   Thumb Code    16  _printf_wchar.o(.text)
    _printf_wstring                          0x08001159   Thumb Code     8  _printf_wchar.o(.text)
    _wcrtomb                                 0x08001161   Thumb Code    64  _wcrtomb.o(.text)
    __user_setup_stackheap                   0x080011a1   Thumb Code    74  sys_stackheap_outer.o(.text)
    __rt_ctype_table                         0x080011ed   Thumb Code    16  rt_ctype_table.o(.text)
    __rt_locale                              0x080011fd   Thumb Code     8  rt_locale_intlibspace.o(.text)
    _printf_fp_infnan                        0x08001205   Thumb Code   112  _printf_fp_infnan.o(.text)
    _btod_etento                             0x08001285   Thumb Code   224  bigflt0.o(.text)
    exit                                     0x08001369   Thumb Code    18  exit.o(.text)
    __user_libspace                          0x0800137d   Thumb Code     8  libspace.o(.text)
    __user_perproc_libspace                  0x0800137d   Thumb Code     0  libspace.o(.text)
    __user_perthread_libspace                0x0800137d   Thumb Code     0  libspace.o(.text)
    strcmp                                   0x08001385   Thumb Code   128  strcmpv7m.o(.text)
    _sys_exit                                0x08001405   Thumb Code     8  sys_exit.o(.text)
    __I$use$semihosting                      0x08001411   Thumb Code     0  use_no_semi.o(.text)
    __use_no_semihosting_swi                 0x08001411   Thumb Code     2  use_no_semi.o(.text)
    __semihosting_library_function           0x08001413   Thumb Code     0  indicate_semi.o(.text)
    _btod_d2e                                0x08001413   Thumb Code    62  btod.o(CL$$btod_d2e)
    _d2e_denorm_low                          0x08001451   Thumb Code    70  btod.o(CL$$btod_d2e_denorm_low)
    _d2e_norm_op1                            0x08001497   Thumb Code    96  btod.o(CL$$btod_d2e_norm_op1)
    __btod_div_common                        0x080014f7   Thumb Code   696  btod.o(CL$$btod_div_common)
    _e2e                                     0x0800182f   Thumb Code   220  btod.o(CL$$btod_e2e)
    _btod_ediv                               0x0800190b   Thumb Code    42  btod.o(CL$$btod_ediv)
    _btod_emul                               0x08001935   Thumb Code    42  btod.o(CL$$btod_emul)
    __btod_mult_common                       0x0800195f   Thumb Code   580  btod.o(CL$$btod_mult_common)
    ADC_ConversionStop_Disable               0x08001ba5   Thumb Code    86  stm32f1xx_hal_adc.o(i.ADC_ConversionStop_Disable)
    ADC_Enable                               0x08001bfd   Thumb Code   114  stm32f1xx_hal_adc.o(i.ADC_Enable)
    BusFault_Handler                         0x08001c79   Thumb Code     2  stm32f1xx_it.o(i.BusFault_Handler)
    DebugMon_Handler                         0x08001c7b   Thumb Code     2  stm32f1xx_it.o(i.DebugMon_Handler)
    HAL_ADC_ConfigChannel                    0x08001c7d   Thumb Code   240  stm32f1xx_hal_adc.o(i.HAL_ADC_ConfigChannel)
    HAL_ADC_GetValue                         0x08001d79   Thumb Code     6  stm32f1xx_hal_adc.o(i.HAL_ADC_GetValue)
    HAL_ADC_Init                             0x08001d81   Thumb Code   272  stm32f1xx_hal_adc.o(i.HAL_ADC_Init)
    HAL_ADC_MspInit                          0x08001e9d   Thumb Code    76  stm32f1xx_hal_msp.o(i.HAL_ADC_MspInit)
    HAL_ADC_PollForConversion                0x08001ef5   Thumb Code   304  stm32f1xx_hal_adc.o(i.HAL_ADC_PollForConversion)
    HAL_ADC_Start                            0x08002031   Thumb Code   184  stm32f1xx_hal_adc.o(i.HAL_ADC_Start)
    HAL_Delay                                0x080020f1   Thumb Code    32  stm32f1xx_hal.o(i.HAL_Delay)
    HAL_GPIO_Init                            0x08002115   Thumb Code   446  stm32f1xx_hal_gpio.o(i.HAL_GPIO_Init)
    HAL_GPIO_ReadPin                         0x080022f5   Thumb Code    10  stm32f1xx_hal_gpio.o(i.HAL_GPIO_ReadPin)
    HAL_GPIO_WritePin                        0x080022ff   Thumb Code    10  stm32f1xx_hal_gpio.o(i.HAL_GPIO_WritePin)
    HAL_GetTick                              0x08002309   Thumb Code     6  stm32f1xx_hal.o(i.HAL_GetTick)
    HAL_I2C_Init                             0x08002315   Thumb Code   376  stm32f1xx_hal_i2c.o(i.HAL_I2C_Init)
    HAL_I2C_MspInit                          0x0800249d   Thumb Code    96  stm32f1xx_hal_msp.o(i.HAL_I2C_MspInit)
    HAL_IncTick                              0x0800250d   Thumb Code    12  stm32f1xx_hal.o(i.HAL_IncTick)
    HAL_Init                                 0x0800251d   Thumb Code    32  stm32f1xx_hal.o(i.HAL_Init)
    HAL_InitTick                             0x08002541   Thumb Code    54  stm32f1xx_hal.o(i.HAL_InitTick)
    HAL_MspInit                              0x08002581   Thumb Code    52  stm32f1xx_hal_msp.o(i.HAL_MspInit)
    HAL_NVIC_SetPriority                     0x080025bd   Thumb Code    60  stm32f1xx_hal_cortex.o(i.HAL_NVIC_SetPriority)
    HAL_NVIC_SetPriorityGrouping             0x080025fd   Thumb Code    26  stm32f1xx_hal_cortex.o(i.HAL_NVIC_SetPriorityGrouping)
    HAL_RCCEx_GetPeriphCLKFreq               0x08002621   Thumb Code   148  stm32f1xx_hal_rcc_ex.o(i.HAL_RCCEx_GetPeriphCLKFreq)
    HAL_RCCEx_PeriphCLKConfig                0x080026c5   Thumb Code   224  stm32f1xx_hal_rcc_ex.o(i.HAL_RCCEx_PeriphCLKConfig)
    HAL_RCC_ClockConfig                      0x080027b1   Thumb Code   280  stm32f1xx_hal_rcc.o(i.HAL_RCC_ClockConfig)
    HAL_RCC_GetPCLK1Freq                     0x080028dd   Thumb Code    20  stm32f1xx_hal_rcc.o(i.HAL_RCC_GetPCLK1Freq)
    HAL_RCC_GetPCLK2Freq                     0x080028fd   Thumb Code    20  stm32f1xx_hal_rcc.o(i.HAL_RCC_GetPCLK2Freq)
    HAL_RCC_GetSysClockFreq                  0x0800291d   Thumb Code    58  stm32f1xx_hal_rcc.o(i.HAL_RCC_GetSysClockFreq)
    HAL_RCC_OscConfig                        0x08002969   Thumb Code   778  stm32f1xx_hal_rcc.o(i.HAL_RCC_OscConfig)
    HAL_SYSTICK_Config                       0x08002c89   Thumb Code    40  stm32f1xx_hal_cortex.o(i.HAL_SYSTICK_Config)
    HAL_UART_Init                            0x08002cb1   Thumb Code   100  stm32f1xx_hal_uart.o(i.HAL_UART_Init)
    HAL_UART_MspInit                         0x08002d15   Thumb Code   100  stm32f1xx_hal_msp.o(i.HAL_UART_MspInit)
    HAL_UART_Transmit                        0x08002d85   Thumb Code   160  stm32f1xx_hal_uart.o(i.HAL_UART_Transmit)
    HardFault_Handler                        0x08002e25   Thumb Code     2  stm32f1xx_it.o(i.HardFault_Handler)
    MemManage_Handler                        0x08002e79   Thumb Code     2  stm32f1xx_it.o(i.MemManage_Handler)
    NMI_Handler                              0x08002e7b   Thumb Code     2  stm32f1xx_it.o(i.NMI_Handler)
    PendSV_Handler                           0x08002e7d   Thumb Code     2  stm32f1xx_it.o(i.PendSV_Handler)
    SVC_Handler                              0x08002e7f   Thumb Code     2  stm32f1xx_it.o(i.SVC_Handler)
    SysTick_Handler                          0x08002e81   Thumb Code     4  stm32f1xx_it.o(i.SysTick_Handler)
    SystemClock_Config                       0x08002e85   Thumb Code   108  main.o(i.SystemClock_Config)
    SystemInit                               0x08002ef1   Thumb Code     2  system_stm32f1xx.o(i.SystemInit)
    UsageFault_Handler                       0x0800306b   Thumb Code     2  stm32f1xx_it.o(i.UsageFault_Handler)
    __ARM_fpclassify                         0x0800306d   Thumb Code    40  fpclassify.o(i.__ARM_fpclassify)
    _is_digit                                0x080030b5   Thumb Code    14  __printf_wp.o(i._is_digit)
    i2c_soft_delay                           0x080030c3   Thumb Code    16  i2c.o(i.i2c_soft_delay)
    i2c_soft_init                            0x080030d3   Thumb Code    30  i2c.o(i.i2c_soft_init)
    i2c_soft_write_addr8_bytes               0x08003175   Thumb Code    80  i2c.o(i.i2c_soft_write_addr8_bytes)
    lcd_clear                                0x08003227   Thumb Code    18  lcd_soft_i2c.o(i.lcd_clear)
    lcd_init                                 0x08003239   Thumb Code    64  lcd_soft_i2c.o(i.lcd_init)
    lcd_send_cmd                             0x08003279   Thumb Code    50  lcd_soft_i2c.o(i.lcd_send_cmd)
    lcd_send_data                            0x080032ab   Thumb Code    58  lcd_soft_i2c.o(i.lcd_send_data)
    lcd_send_string                          0x080032e5   Thumb Code    24  lcd_soft_i2c.o(i.lcd_send_string)
    main                                     0x080032fd   Thumb Code   268  main.o(i.main)
    transmit                                 0x08003439   Thumb Code    46  main.o(i.transmit)
    _get_lc_numeric                          0x0800346d   Thumb Code    44  lc_numeric_c.o(locale$$code)
    _get_lc_ctype                            0x08003499   Thumb Code    44  lc_ctype_c.o(locale$$code)
    _printf_fp_dec                           0x080034c5   Thumb Code     4  printf1.o(x$fpl$printf1)
    _printf_fp_hex                           0x080034c9   Thumb Code     4  printf2.o(x$fpl$printf2)
    __I$use$fp                               0x080034cc   Number         0  usenofp.o(x$fpl$usenofp)
    AHBPrescTable                            0x080034f0   Data          16  system_stm32f1xx.o(.constdata)
    APBPrescTable                            0x08003500   Data           8  system_stm32f1xx.o(.constdata)
    Region$$Table$$Base                      0x08003604   Number         0  anon$$obj.o(Region$$Table)
    Region$$Table$$Limit                     0x08003624   Number         0  anon$$obj.o(Region$$Table)
    __ctype                                  0x0800364d   Data           0  lc_ctype_c.o(locale$$data)
    lcd                                      0x20000000   Data           8  main.o(.data)
    uwTickFreq                               0x20000008   Data           1  stm32f1xx_hal.o(.data)
    uwTickPrio                               0x2000000c   Data           4  stm32f1xx_hal.o(.data)
    uwTick                                   0x20000010   Data           4  stm32f1xx_hal.o(.data)
    SystemCoreClock                          0x20000014   Data           4  system_stm32f1xx.o(.data)
    hadc1                                    0x20000018   Data          48  main.o(.bss)
    hi2c1                                    0x20000048   Data          84  main.o(.bss)
    huart1                                   0x2000009c   Data          72  main.o(.bss)
    i2c                                      0x200000e4   Data          16  main.o(.bss)
    buffer                                   0x200000f4   Data         256  main.o(.bss)
    __libspace_start                         0x200001f4   Data          96  libspace.o(.bss)
    __temporary_stack_top$libspace           0x20000254   Data           0  libspace.o(.bss)



==============================================================================

Memory Map of the image

  Image Entry point : 0x080000ed

  Load Region LR_IROM1 (Base: 0x08000000, Size: 0x00003768, Max: 0x00010000, ABSOLUTE)

    Execution Region ER_IROM1 (Exec base: 0x08000000, Load base: 0x08000000, Size: 0x00003750, Max: 0x00010000, ABSOLUTE)

    Exec Addr    Load Addr    Size         Type   Attr      Idx    E Section Name        Object

    0x08000000   0x08000000   0x000000ec   Data   RO            3    RESET               startup_stm32f103xb.o
    0x080000ec   0x080000ec   0x00000008   Code   RO         2628  * !!!main             c_w.l(__main.o)
    0x080000f4   0x080000f4   0x00000034   Code   RO         2951    !!!scatter          c_w.l(__scatter.o)
    0x08000128   0x08000128   0x0000001a   Code   RO         2953    !!handler_copy      c_w.l(__scatter_copy.o)
    0x08000142   0x08000142   0x00000002   PAD
    0x08000144   0x08000144   0x0000001c   Code   RO         2955    !!handler_zi        c_w.l(__scatter_zi.o)
    0x08000160   0x08000160   0x00000000   Code   RO         2714    .ARM.Collect$$_printf_percent$$00000000  c_w.l(_printf_percent.o)
    0x08000160   0x08000160   0x00000006   Code   RO         2703    .ARM.Collect$$_printf_percent$$00000001  c_w.l(_printf_n.o)
    0x08000166   0x08000166   0x00000006   Code   RO         2705    .ARM.Collect$$_printf_percent$$00000002  c_w.l(_printf_p.o)
    0x0800016c   0x0800016c   0x00000006   Code   RO         2710    .ARM.Collect$$_printf_percent$$00000003  c_w.l(_printf_f.o)
    0x08000172   0x08000172   0x00000006   Code   RO         2711    .ARM.Collect$$_printf_percent$$00000004  c_w.l(_printf_e.o)
    0x08000178   0x08000178   0x00000006   Code   RO         2712    .ARM.Collect$$_printf_percent$$00000005  c_w.l(_printf_g.o)
    0x0800017e   0x0800017e   0x00000006   Code   RO         2713    .ARM.Collect$$_printf_percent$$00000006  c_w.l(_printf_a.o)
    0x08000184   0x08000184   0x0000000a   Code   RO         2718    .ARM.Collect$$_printf_percent$$00000007  c_w.l(_printf_ll.o)
    0x0800018e   0x0800018e   0x00000006   Code   RO         2707    .ARM.Collect$$_printf_percent$$00000008  c_w.l(_printf_i.o)
    0x08000194   0x08000194   0x00000006   Code   RO         2708    .ARM.Collect$$_printf_percent$$00000009  c_w.l(_printf_d.o)
    0x0800019a   0x0800019a   0x00000006   Code   RO         2709    .ARM.Collect$$_printf_percent$$0000000A  c_w.l(_printf_u.o)
    0x080001a0   0x080001a0   0x00000006   Code   RO         2706    .ARM.Collect$$_printf_percent$$0000000B  c_w.l(_printf_o.o)
    0x080001a6   0x080001a6   0x00000006   Code   RO         2704    .ARM.Collect$$_printf_percent$$0000000C  c_w.l(_printf_x.o)
    0x080001ac   0x080001ac   0x00000006   Code   RO         2715    .ARM.Collect$$_printf_percent$$0000000D  c_w.l(_printf_lli.o)
    0x080001b2   0x080001b2   0x00000006   Code   RO         2716    .ARM.Collect$$_printf_percent$$0000000E  c_w.l(_printf_lld.o)
    0x080001b8   0x080001b8   0x00000006   Code   RO         2717    .ARM.Collect$$_printf_percent$$0000000F  c_w.l(_printf_llu.o)
    0x080001be   0x080001be   0x00000006   Code   RO         2722    .ARM.Collect$$_printf_percent$$00000010  c_w.l(_printf_llo.o)
    0x080001c4   0x080001c4   0x00000006   Code   RO         2723    .ARM.Collect$$_printf_percent$$00000011  c_w.l(_printf_llx.o)
    0x080001ca   0x080001ca   0x0000000a   Code   RO         2719    .ARM.Collect$$_printf_percent$$00000012  c_w.l(_printf_l.o)
    0x080001d4   0x080001d4   0x00000006   Code   RO         2701    .ARM.Collect$$_printf_percent$$00000013  c_w.l(_printf_c.o)
    0x080001da   0x080001da   0x00000006   Code   RO         2702    .ARM.Collect$$_printf_percent$$00000014  c_w.l(_printf_s.o)
    0x080001e0   0x080001e0   0x00000006   Code   RO         2720    .ARM.Collect$$_printf_percent$$00000015  c_w.l(_printf_lc.o)
    0x080001e6   0x080001e6   0x00000006   Code   RO         2721    .ARM.Collect$$_printf_percent$$00000016  c_w.l(_printf_ls.o)
    0x080001ec   0x080001ec   0x00000004   Code   RO         2762    .ARM.Collect$$_printf_percent$$00000017  c_w.l(_printf_percent_end.o)
    0x080001f0   0x080001f0   0x00000002   Code   RO         2811    .ARM.Collect$$libinit$$00000000  c_w.l(libinit.o)
    0x080001f2   0x080001f2   0x00000000   Code   RO         2828    .ARM.Collect$$libinit$$00000002  c_w.l(libinit2.o)
    0x080001f2   0x080001f2   0x00000000   Code   RO         2830    .ARM.Collect$$libinit$$00000004  c_w.l(libinit2.o)
    0x080001f2   0x080001f2   0x00000000   Code   RO         2833    .ARM.Collect$$libinit$$0000000A  c_w.l(libinit2.o)
    0x080001f2   0x080001f2   0x00000000   Code   RO         2835    .ARM.Collect$$libinit$$0000000C  c_w.l(libinit2.o)
    0x080001f2   0x080001f2   0x00000000   Code   RO         2837    .ARM.Collect$$libinit$$0000000E  c_w.l(libinit2.o)
    0x080001f2   0x080001f2   0x00000006   Code   RO         2838    .ARM.Collect$$libinit$$0000000F  c_w.l(libinit2.o)
    0x080001f8   0x080001f8   0x00000000   Code   RO         2840    .ARM.Collect$$libinit$$00000011  c_w.l(libinit2.o)
    0x080001f8   0x080001f8   0x0000000c   Code   RO         2841    .ARM.Collect$$libinit$$00000012  c_w.l(libinit2.o)
    0x08000204   0x08000204   0x00000000   Code   RO         2842    .ARM.Collect$$libinit$$00000013  c_w.l(libinit2.o)
    0x08000204   0x08000204   0x00000000   Code   RO         2844    .ARM.Collect$$libinit$$00000015  c_w.l(libinit2.o)
    0x08000204   0x08000204   0x0000000a   Code   RO         2845    .ARM.Collect$$libinit$$00000016  c_w.l(libinit2.o)
    0x0800020e   0x0800020e   0x00000000   Code   RO         2846    .ARM.Collect$$libinit$$00000017  c_w.l(libinit2.o)
    0x0800020e   0x0800020e   0x00000000   Code   RO         2848    .ARM.Collect$$libinit$$00000019  c_w.l(libinit2.o)
    0x0800020e   0x0800020e   0x00000000   Code   RO         2850    .ARM.Collect$$libinit$$0000001B  c_w.l(libinit2.o)
    0x0800020e   0x0800020e   0x00000000   Code   RO         2852    .ARM.Collect$$libinit$$0000001D  c_w.l(libinit2.o)
    0x0800020e   0x0800020e   0x00000000   Code   RO         2854    .ARM.Collect$$libinit$$0000001F  c_w.l(libinit2.o)
    0x0800020e   0x0800020e   0x00000000   Code   RO         2856    .ARM.Collect$$libinit$$00000021  c_w.l(libinit2.o)
    0x0800020e   0x0800020e   0x00000000   Code   RO         2858    .ARM.Collect$$libinit$$00000023  c_w.l(libinit2.o)
    0x0800020e   0x0800020e   0x00000000   Code   RO         2860    .ARM.Collect$$libinit$$00000025  c_w.l(libinit2.o)
    0x0800020e   0x0800020e   0x00000000   Code   RO         2864    .ARM.Collect$$libinit$$0000002C  c_w.l(libinit2.o)
    0x0800020e   0x0800020e   0x00000000   Code   RO         2866    .ARM.Collect$$libinit$$0000002E  c_w.l(libinit2.o)
    0x0800020e   0x0800020e   0x00000000   Code   RO         2868    .ARM.Collect$$libinit$$00000030  c_w.l(libinit2.o)
    0x0800020e   0x0800020e   0x00000000   Code   RO         2870    .ARM.Collect$$libinit$$00000032  c_w.l(libinit2.o)
    0x0800020e   0x0800020e   0x00000002   Code   RO         2871    .ARM.Collect$$libinit$$00000033  c_w.l(libinit2.o)
    0x08000210   0x08000210   0x00000002   Code   RO         2891    .ARM.Collect$$libshutdown$$00000000  c_w.l(libshutdown.o)
    0x08000212   0x08000212   0x00000000   Code   RO         2904    .ARM.Collect$$libshutdown$$00000002  c_w.l(libshutdown2.o)
    0x08000212   0x08000212   0x00000000   Code   RO         2906    .ARM.Collect$$libshutdown$$00000004  c_w.l(libshutdown2.o)
    0x08000212   0x08000212   0x00000000   Code   RO         2909    .ARM.Collect$$libshutdown$$00000007  c_w.l(libshutdown2.o)
    0x08000212   0x08000212   0x00000000   Code   RO         2912    .ARM.Collect$$libshutdown$$0000000A  c_w.l(libshutdown2.o)
    0x08000212   0x08000212   0x00000000   Code   RO         2914    .ARM.Collect$$libshutdown$$0000000C  c_w.l(libshutdown2.o)
    0x08000212   0x08000212   0x00000000   Code   RO         2917    .ARM.Collect$$libshutdown$$0000000F  c_w.l(libshutdown2.o)
    0x08000212   0x08000212   0x00000002   Code   RO         2918    .ARM.Collect$$libshutdown$$00000010  c_w.l(libshutdown2.o)
    0x08000214   0x08000214   0x00000000   Code   RO         2630    .ARM.Collect$$rtentry$$00000000  c_w.l(__rtentry.o)
    0x08000214   0x08000214   0x00000000   Code   RO         2733    .ARM.Collect$$rtentry$$00000002  c_w.l(__rtentry2.o)
    0x08000214   0x08000214   0x00000006   Code   RO         2745    .ARM.Collect$$rtentry$$00000004  c_w.l(__rtentry4.o)
    0x0800021a   0x0800021a   0x00000000   Code   RO         2735    .ARM.Collect$$rtentry$$00000009  c_w.l(__rtentry2.o)
    0x0800021a   0x0800021a   0x00000004   Code   RO         2736    .ARM.Collect$$rtentry$$0000000A  c_w.l(__rtentry2.o)
    0x0800021e   0x0800021e   0x00000000   Code   RO         2738    .ARM.Collect$$rtentry$$0000000C  c_w.l(__rtentry2.o)
    0x0800021e   0x0800021e   0x00000008   Code   RO         2739    .ARM.Collect$$rtentry$$0000000D  c_w.l(__rtentry2.o)
    0x08000226   0x08000226   0x00000002   Code   RO         2820    .ARM.Collect$$rtexit$$00000000  c_w.l(rtexit.o)
    0x08000228   0x08000228   0x00000000   Code   RO         2873    .ARM.Collect$$rtexit$$00000002  c_w.l(rtexit2.o)
    0x08000228   0x08000228   0x00000004   Code   RO         2874    .ARM.Collect$$rtexit$$00000003  c_w.l(rtexit2.o)
    0x0800022c   0x0800022c   0x00000006   Code   RO         2875    .ARM.Collect$$rtexit$$00000004  c_w.l(rtexit2.o)
    0x08000232   0x08000232   0x00000002   PAD
    0x08000234   0x08000234   0x00000040   Code   RO            4    .text               startup_stm32f103xb.o
    0x08000274   0x08000274   0x00000034   Code   RO         2620    .text               c_w.l(vsnprintf.o)
    0x080002a8   0x080002a8   0x0000003e   Code   RO         2622    .text               c_w.l(strlen.o)
    0x080002e6   0x080002e6   0x0000004e   Code   RO         2624    .text               c_w.l(rt_memclr_w.o)
    0x08000334   0x08000334   0x00000006   Code   RO         2626    .text               c_w.l(heapauxi.o)
    0x0800033a   0x0800033a   0x0000004e   Code   RO         2633    .text               c_w.l(_printf_pad.o)
    0x08000388   0x08000388   0x00000024   Code   RO         2635    .text               c_w.l(_printf_truncate.o)
    0x080003ac   0x080003ac   0x00000052   Code   RO         2637    .text               c_w.l(_printf_str.o)
    0x080003fe   0x080003fe   0x00000002   PAD
    0x08000400   0x08000400   0x00000078   Code   RO         2639    .text               c_w.l(_printf_dec.o)
    0x08000478   0x08000478   0x00000028   Code   RO         2641    .text               c_w.l(_printf_charcount.o)
    0x080004a0   0x080004a0   0x00000030   Code   RO         2643    .text               c_w.l(_printf_char_common.o)
    0x080004d0   0x080004d0   0x0000000a   Code   RO         2645    .text               c_w.l(_sputc.o)
    0x080004da   0x080004da   0x00000010   Code   RO         2647    .text               c_w.l(_snputc.o)
    0x080004ea   0x080004ea   0x00000002   PAD
    0x080004ec   0x080004ec   0x000000bc   Code   RO         2649    .text               c_w.l(_printf_wctomb.o)
    0x080005a8   0x080005a8   0x0000007c   Code   RO         2652    .text               c_w.l(_printf_longlong_dec.o)
    0x08000624   0x08000624   0x00000070   Code   RO         2658    .text               c_w.l(_printf_oct_int_ll.o)
    0x08000694   0x08000694   0x00000094   Code   RO         2678    .text               c_w.l(_printf_hex_int_ll_ptr.o)
    0x08000728   0x08000728   0x00000188   Code   RO         2698    .text               c_w.l(__printf_flags_ss_wp.o)
    0x080008b0   0x080008b0   0x0000008a   Code   RO         2747    .text               c_w.l(lludiv10.o)
    0x0800093a   0x0800093a   0x000000b2   Code   RO         2749    .text               c_w.l(_printf_intcommon.o)
    0x080009ec   0x080009ec   0x0000041e   Code   RO         2751    .text               c_w.l(_printf_fp_dec.o)
    0x08000e0a   0x08000e0a   0x00000002   PAD
    0x08000e0c   0x08000e0c   0x000002fc   Code   RO         2753    .text               c_w.l(_printf_fp_hex.o)
    0x08001108   0x08001108   0x0000002c   Code   RO         2758    .text               c_w.l(_printf_char.o)
    0x08001134   0x08001134   0x0000002c   Code   RO         2760    .text               c_w.l(_printf_wchar.o)
    0x08001160   0x08001160   0x00000040   Code   RO         2763    .text               c_w.l(_wcrtomb.o)
    0x080011a0   0x080011a0   0x0000004a   Code   RO         2765    .text               c_w.l(sys_stackheap_outer.o)
    0x080011ea   0x080011ea   0x00000002   PAD
    0x080011ec   0x080011ec   0x00000010   Code   RO         2767    .text               c_w.l(rt_ctype_table.o)
    0x080011fc   0x080011fc   0x00000008   Code   RO         2772    .text               c_w.l(rt_locale_intlibspace.o)
    0x08001204   0x08001204   0x00000080   Code   RO         2774    .text               c_w.l(_printf_fp_infnan.o)
    0x08001284   0x08001284   0x000000e4   Code   RO         2776    .text               c_w.l(bigflt0.o)
    0x08001368   0x08001368   0x00000012   Code   RO         2804    .text               c_w.l(exit.o)
    0x0800137a   0x0800137a   0x00000002   PAD
    0x0800137c   0x0800137c   0x00000008   Code   RO         2817    .text               c_w.l(libspace.o)
    0x08001384   0x08001384   0x00000080   Code   RO         2825    .text               c_w.l(strcmpv7m.o)
    0x08001404   0x08001404   0x0000000c   Code   RO         2883    .text               c_w.l(sys_exit.o)
    0x08001410   0x08001410   0x00000002   Code   RO         2894    .text               c_w.l(use_no_semi.o)
    0x08001412   0x08001412   0x00000000   Code   RO         2896    .text               c_w.l(indicate_semi.o)
    0x08001412   0x08001412   0x0000003e   Code   RO         2779    CL$$btod_d2e        c_w.l(btod.o)
    0x08001450   0x08001450   0x00000046   Code   RO         2781    CL$$btod_d2e_denorm_low  c_w.l(btod.o)
    0x08001496   0x08001496   0x00000060   Code   RO         2780    CL$$btod_d2e_norm_op1  c_w.l(btod.o)
    0x080014f6   0x080014f6   0x00000338   Code   RO         2789    CL$$btod_div_common  c_w.l(btod.o)
    0x0800182e   0x0800182e   0x000000dc   Code   RO         2786    CL$$btod_e2e        c_w.l(btod.o)
    0x0800190a   0x0800190a   0x0000002a   Code   RO         2783    CL$$btod_ediv       c_w.l(btod.o)
    0x08001934   0x08001934   0x0000002a   Code   RO         2782    CL$$btod_emul       c_w.l(btod.o)
    0x0800195e   0x0800195e   0x00000244   Code   RO         2788    CL$$btod_mult_common  c_w.l(btod.o)
    0x08001ba2   0x08001ba2   0x00000002   PAD
    0x08001ba4   0x08001ba4   0x00000056   Code   RO          345    i.ADC_ConversionStop_Disable  stm32f1xx_hal_adc.o
    0x08001bfa   0x08001bfa   0x00000002   PAD
    0x08001bfc   0x08001bfc   0x0000007c   Code   RO          349    i.ADC_Enable        stm32f1xx_hal_adc.o
    0x08001c78   0x08001c78   0x00000002   Code   RO          174    i.BusFault_Handler  stm32f1xx_it.o
    0x08001c7a   0x08001c7a   0x00000002   Code   RO          175    i.DebugMon_Handler  stm32f1xx_it.o
    0x08001c7c   0x08001c7c   0x000000fc   Code   RO          351    i.HAL_ADC_ConfigChannel  stm32f1xx_hal_adc.o
    0x08001d78   0x08001d78   0x00000006   Code   RO          358    i.HAL_ADC_GetValue  stm32f1xx_hal_adc.o
    0x08001d7e   0x08001d7e   0x00000002   PAD
    0x08001d80   0x08001d80   0x0000011c   Code   RO          360    i.HAL_ADC_Init      stm32f1xx_hal_adc.o
    0x08001e9c   0x08001e9c   0x00000058   Code   RO          250    i.HAL_ADC_MspInit   stm32f1xx_hal_msp.o
    0x08001ef4   0x08001ef4   0x0000013c   Code   RO          364    i.HAL_ADC_PollForConversion  stm32f1xx_hal_adc.o
    0x08002030   0x08002030   0x000000c0   Code   RO          366    i.HAL_ADC_Start     stm32f1xx_hal_adc.o
    0x080020f0   0x080020f0   0x00000024   Code   RO          628    i.HAL_Delay         stm32f1xx_hal.o
    0x08002114   0x08002114   0x000001e0   Code   RO          938    i.HAL_GPIO_Init     stm32f1xx_hal_gpio.o
    0x080022f4   0x080022f4   0x0000000a   Code   RO          940    i.HAL_GPIO_ReadPin  stm32f1xx_hal_gpio.o
    0x080022fe   0x080022fe   0x0000000a   Code   RO          942    i.HAL_GPIO_WritePin  stm32f1xx_hal_gpio.o
    0x08002308   0x08002308   0x0000000c   Code   RO          632    i.HAL_GetTick       stm32f1xx_hal.o
    0x08002314   0x08002314   0x00000188   Code   RO         1609    i.HAL_I2C_Init      stm32f1xx_hal_i2c.o
    0x0800249c   0x0800249c   0x00000070   Code   RO          252    i.HAL_I2C_MspInit   stm32f1xx_hal_msp.o
    0x0800250c   0x0800250c   0x00000010   Code   RO          638    i.HAL_IncTick       stm32f1xx_hal.o
    0x0800251c   0x0800251c   0x00000024   Code   RO          639    i.HAL_Init          stm32f1xx_hal.o
    0x08002540   0x08002540   0x00000040   Code   RO          640    i.HAL_InitTick      stm32f1xx_hal.o
    0x08002580   0x08002580   0x0000003c   Code   RO          253    i.HAL_MspInit       stm32f1xx_hal_msp.o
    0x080025bc   0x080025bc   0x00000040   Code   RO         1104    i.HAL_NVIC_SetPriority  stm32f1xx_hal_cortex.o
    0x080025fc   0x080025fc   0x00000024   Code   RO         1105    i.HAL_NVIC_SetPriorityGrouping  stm32f1xx_hal_cortex.o
    0x08002620   0x08002620   0x000000a4   Code   RO          899    i.HAL_RCCEx_GetPeriphCLKFreq  stm32f1xx_hal_rcc_ex.o
    0x080026c4   0x080026c4   0x000000ec   Code   RO          900    i.HAL_RCCEx_PeriphCLKConfig  stm32f1xx_hal_rcc_ex.o
    0x080027b0   0x080027b0   0x0000012c   Code   RO          796    i.HAL_RCC_ClockConfig  stm32f1xx_hal_rcc.o
    0x080028dc   0x080028dc   0x00000020   Code   RO          803    i.HAL_RCC_GetPCLK1Freq  stm32f1xx_hal_rcc.o
    0x080028fc   0x080028fc   0x00000020   Code   RO          804    i.HAL_RCC_GetPCLK2Freq  stm32f1xx_hal_rcc.o
    0x0800291c   0x0800291c   0x0000004c   Code   RO          805    i.HAL_RCC_GetSysClockFreq  stm32f1xx_hal_rcc.o
    0x08002968   0x08002968   0x00000320   Code   RO          808    i.HAL_RCC_OscConfig  stm32f1xx_hal_rcc.o
    0x08002c88   0x08002c88   0x00000028   Code   RO         1109    i.HAL_SYSTICK_Config  stm32f1xx_hal_cortex.o
    0x08002cb0   0x08002cb0   0x00000064   Code   RO         2065    i.HAL_UART_Init     stm32f1xx_hal_uart.o
    0x08002d14   0x08002d14   0x00000070   Code   RO          255    i.HAL_UART_MspInit  stm32f1xx_hal_msp.o
    0x08002d84   0x08002d84   0x000000a0   Code   RO         2073    i.HAL_UART_Transmit  stm32f1xx_hal_uart.o
    0x08002e24   0x08002e24   0x00000002   Code   RO          176    i.HardFault_Handler  stm32f1xx_it.o
    0x08002e26   0x08002e26   0x00000002   PAD
    0x08002e28   0x08002e28   0x00000050   Code   RO           14    i.MX_ADC1_Init      main.o
    0x08002e78   0x08002e78   0x00000002   Code   RO          177    i.MemManage_Handler  stm32f1xx_it.o
    0x08002e7a   0x08002e7a   0x00000002   Code   RO          178    i.NMI_Handler       stm32f1xx_it.o
    0x08002e7c   0x08002e7c   0x00000002   Code   RO          179    i.PendSV_Handler    stm32f1xx_it.o
    0x08002e7e   0x08002e7e   0x00000002   Code   RO          180    i.SVC_Handler       stm32f1xx_it.o
    0x08002e80   0x08002e80   0x00000004   Code   RO          181    i.SysTick_Handler   stm32f1xx_it.o
    0x08002e84   0x08002e84   0x0000006c   Code   RO           15    i.SystemClock_Config  main.o
    0x08002ef0   0x08002ef0   0x00000002   Code   RO         2399    i.SystemInit        system_stm32f1xx.o
    0x08002ef2   0x08002ef2   0x0000004e   Code   RO         2088    i.UART_EndRxTransfer  stm32f1xx_hal_uart.o
    0x08002f40   0x08002f40   0x000000b8   Code   RO         2091    i.UART_SetConfig    stm32f1xx_hal_uart.o
    0x08002ff8   0x08002ff8   0x00000072   Code   RO         2094    i.UART_WaitOnFlagUntilTimeout  stm32f1xx_hal_uart.o
    0x0800306a   0x0800306a   0x00000002   Code   RO          182    i.UsageFault_Handler  stm32f1xx_it.o
    0x0800306c   0x0800306c   0x00000028   Code   RO         2815    i.__ARM_fpclassify  m_ws.l(fpclassify.o)
    0x08003094   0x08003094   0x00000020   Code   RO         1111    i.__NVIC_SetPriority  stm32f1xx_hal_cortex.o
    0x080030b4   0x080030b4   0x0000000e   Code   RO         2691    i._is_digit         c_w.l(__printf_wp.o)
    0x080030c2   0x080030c2   0x00000010   Code   RO         2436    i.i2c_soft_delay    i2c.o
    0x080030d2   0x080030d2   0x0000001e   Code   RO         2437    i.i2c_soft_init     i2c.o
    0x080030f0   0x080030f0   0x0000000a   Code   RO         2443    i.i2c_soft_scl_high  i2c.o
    0x080030fa   0x080030fa   0x0000000a   Code   RO         2444    i.i2c_soft_scl_low  i2c.o
    0x08003104   0x08003104   0x0000000a   Code   RO         2445    i.i2c_soft_sda_high  i2c.o
    0x0800310e   0x0800310e   0x0000000a   Code   RO         2446    i.i2c_soft_sda_low  i2c.o
    0x08003118   0x08003118   0x00000012   Code   RO         2447    i.i2c_soft_sda_read  i2c.o
    0x0800312a   0x0800312a   0x00000026   Code   RO         2448    i.i2c_soft_start    i2c.o
    0x08003150   0x08003150   0x00000024   Code   RO         2449    i.i2c_soft_stop     i2c.o
    0x08003174   0x08003174   0x00000050   Code   RO         2450    i.i2c_soft_write_addr8_bytes  i2c.o
    0x080031c4   0x080031c4   0x00000062   Code   RO         2452    i.i2c_soft_write_byte  i2c.o
    0x08003226   0x08003226   0x00000012   Code   RO         2550    i.lcd_clear         lcd_soft_i2c.o
    0x08003238   0x08003238   0x00000040   Code   RO         2553    i.lcd_init          lcd_soft_i2c.o
    0x08003278   0x08003278   0x00000032   Code   RO         2555    i.lcd_send_cmd      lcd_soft_i2c.o
    0x080032aa   0x080032aa   0x0000003a   Code   RO         2556    i.lcd_send_data     lcd_soft_i2c.o
    0x080032e4   0x080032e4   0x00000018   Code   RO         2557    i.lcd_send_string   lcd_soft_i2c.o
    0x080032fc   0x080032fc   0x0000013c   Code   RO           16    i.main              main.o
    0x08003438   0x08003438   0x00000034   Code   RO           17    i.transmit          main.o
    0x0800346c   0x0800346c   0x0000002c   Code   RO         2802    locale$$code        c_w.l(lc_numeric_c.o)
    0x08003498   0x08003498   0x0000002c   Code   RO         2823    locale$$code        c_w.l(lc_ctype_c.o)
    0x080034c4   0x080034c4   0x00000004   Code   RO         2724    x$fpl$printf1       fz_ws.l(printf1.o)
    0x080034c8   0x080034c8   0x00000004   Code   RO         2726    x$fpl$printf2       fz_ws.l(printf2.o)
    0x080034cc   0x080034cc   0x00000000   Code   RO         2814    x$fpl$usenofp       fz_ws.l(usenofp.o)
    0x080034cc   0x080034cc   0x00000012   Data   RO          809    .constdata          stm32f1xx_hal_rcc.o
    0x080034de   0x080034de   0x00000012   Data   RO          901    .constdata          stm32f1xx_hal_rcc_ex.o
    0x080034f0   0x080034f0   0x00000010   Data   RO         2400    .constdata          system_stm32f1xx.o
    0x08003500   0x08003500   0x00000008   Data   RO         2401    .constdata          system_stm32f1xx.o
    0x08003508   0x08003508   0x00000008   Data   RO         2650    .constdata          c_w.l(_printf_wctomb.o)
    0x08003510   0x08003510   0x00000028   Data   RO         2679    .constdata          c_w.l(_printf_hex_int_ll_ptr.o)
    0x08003538   0x08003538   0x00000011   Data   RO         2699    .constdata          c_w.l(__printf_flags_ss_wp.o)
    0x08003549   0x08003549   0x00000026   Data   RO         2754    .constdata          c_w.l(_printf_fp_hex.o)
    0x0800356f   0x0800356f   0x00000001   PAD
    0x08003570   0x08003570   0x00000094   Data   RO         2777    .constdata          c_w.l(bigflt0.o)
    0x08003604   0x08003604   0x00000020   Data   RO         2949    Region$$Table       anon$$obj.o
    0x08003624   0x08003624   0x0000001c   Data   RO         2801    locale$$data        c_w.l(lc_numeric_c.o)
    0x08003640   0x08003640   0x00000110   Data   RO         2822    locale$$data        c_w.l(lc_ctype_c.o)


    Execution Region RW_IRAM1 (Exec base: 0x20000000, Load base: 0x08003750, Size: 0x00000858, Max: 0x00005000, ABSOLUTE)

    Exec Addr    Load Addr    Size         Type   Attr      Idx    E Section Name        Object

    0x20000000   0x08003750   0x00000008   Data   RW           19    .data               main.o
    0x20000008   0x08003758   0x0000000c   Data   RW          646    .data               stm32f1xx_hal.o
    0x20000014   0x08003764   0x00000004   Data   RW         2402    .data               system_stm32f1xx.o
    0x20000018        -       0x000001dc   Zero   RW           18    .bss                main.o
    0x200001f4        -       0x00000060   Zero   RW         2818    .bss                c_w.l(libspace.o)
    0x20000254   0x08003768   0x00000004   PAD
    0x20000258        -       0x00000200   Zero   RW            2    HEAP                startup_stm32f103xb.o
    0x20000458        -       0x00000400   Zero   RW            1    STACK               startup_stm32f103xb.o


==============================================================================

Image component sizes


      Code (inc. data)   RO Data    RW Data    ZI Data      Debug   Object Name

       356          0          0          0          0       7106   i2c.o
       214          0          0          0          0       3820   lcd_soft_i2c.o
       556         62          0          8        476     421483   main.o
        64         26        236          0       1536        824   startup_stm32f103xb.o
       164         28          0         12          0       5997   stm32f1xx_hal.o
      1260         54          0          0          0       6620   stm32f1xx_hal_adc.o
       172         14          0          0          0      28338   stm32f1xx_hal_cortex.o
       500         34          0          0          0       3567   stm32f1xx_hal_gpio.o
       392         16          0          0          0       3231   stm32f1xx_hal_i2c.o
       372         48          0          0          0       3009   stm32f1xx_hal_msp.o
      1240         84         18          0          0       5184   stm32f1xx_hal_rcc.o
       400         28         18          0          0       2501   stm32f1xx_hal_rcc_ex.o
       636          6          0          0          0       4704   stm32f1xx_hal_uart.o
        20          0          0          0          0       3974   stm32f1xx_it.o
         2          0         24          4          0       1155   system_stm32f1xx.o

    ----------------------------------------------------------------------
      6354        400        328         24       2012     501513   Object Totals
         0          0         32          0          0          0   (incl. Generated)
         6          0          0          0          0          0   (incl. Padding)

    ----------------------------------------------------------------------

      Code (inc. data)   RO Data    RW Data    ZI Data      Debug   Library Member Name

         8          0          0          0          0         68   __main.o
       392          4         17          0          0         92   __printf_flags_ss_wp.o
        14          0          0          0          0         68   __printf_wp.o
         0          0          0          0          0          0   __rtentry.o
        12          0          0          0          0          0   __rtentry2.o
         6          0          0          0          0          0   __rtentry4.o
        52          8          0          0          0          0   __scatter.o
        26          0          0          0          0          0   __scatter_copy.o
        28          0          0          0          0          0   __scatter_zi.o
         6          0          0          0          0          0   _printf_a.o
         6          0          0          0          0          0   _printf_c.o
        44          0          0          0          0        108   _printf_char.o
        48          6          0          0          0         96   _printf_char_common.o
        40          0          0          0          0         68   _printf_charcount.o
         6          0          0          0          0          0   _printf_d.o
       120         16          0          0          0         92   _printf_dec.o
         6          0          0          0          0          0   _printf_e.o
         6          0          0          0          0          0   _printf_f.o
      1054          0          0          0          0        216   _printf_fp_dec.o
       764          8         38          0          0        100   _printf_fp_hex.o
       128         16          0          0          0         84   _printf_fp_infnan.o
         6          0          0          0          0          0   _printf_g.o
       148          4         40          0          0        160   _printf_hex_int_ll_ptr.o
         6          0          0          0          0          0   _printf_i.o
       178          0          0          0          0         88   _printf_intcommon.o
        10          0          0          0          0          0   _printf_l.o
         6          0          0          0          0          0   _printf_lc.o
        10          0          0          0          0          0   _printf_ll.o
         6          0          0          0          0          0   _printf_lld.o
         6          0          0          0          0          0   _printf_lli.o
         6          0          0          0          0          0   _printf_llo.o
         6          0          0          0          0          0   _printf_llu.o
         6          0          0          0          0          0   _printf_llx.o
       124         16          0          0          0         92   _printf_longlong_dec.o
         6          0          0          0          0          0   _printf_ls.o
         6          0          0          0          0          0   _printf_n.o
         6          0          0          0          0          0   _printf_o.o
       112         10          0          0          0        124   _printf_oct_int_ll.o
         6          0          0          0          0          0   _printf_p.o
        78          0          0          0          0        108   _printf_pad.o
         0          0          0          0          0          0   _printf_percent.o
         4          0          0          0          0          0   _printf_percent_end.o
         6          0          0          0          0          0   _printf_s.o
        82          0          0          0          0         80   _printf_str.o
        36          0          0          0          0         84   _printf_truncate.o
         6          0          0          0          0          0   _printf_u.o
        44          0          0          0          0        108   _printf_wchar.o
       188          6          8          0          0         92   _printf_wctomb.o
         6          0          0          0          0          0   _printf_x.o
        16          0          0          0          0         68   _snputc.o
        10          0          0          0          0         68   _sputc.o
        64          0          0          0          0         92   _wcrtomb.o
       228          4        148          0          0         96   bigflt0.o
      1936        128          0          0          0        672   btod.o
        18          0          0          0          0         80   exit.o
         6          0          0          0          0        152   heapauxi.o
         0          0          0          0          0          0   indicate_semi.o
        44         10        272          0          0         76   lc_ctype_c.o
        44         10         28          0          0         76   lc_numeric_c.o
         2          0          0          0          0          0   libinit.o
        30          0          0          0          0          0   libinit2.o
         2          0          0          0          0          0   libshutdown.o
         2          0          0          0          0          0   libshutdown2.o
         8          4          0          0         96         68   libspace.o
       138          0          0          0          0         80   lludiv10.o
        16          4          0          0          0         76   rt_ctype_table.o
         8          4          0          0          0         68   rt_locale_intlibspace.o
        78          0          0          0          0         80   rt_memclr_w.o
         2          0          0          0          0          0   rtexit.o
        10          0          0          0          0          0   rtexit2.o
       128          0          0          0          0         68   strcmpv7m.o
        62          0          0          0          0         76   strlen.o
        12          4          0          0          0         68   sys_exit.o
        74          0          0          0          0         80   sys_stackheap_outer.o
         2          0          0          0          0         68   use_no_semi.o
        52          4          0          0          0         80   vsnprintf.o
         4          0          0          0          0         68   printf1.o
         4          0          0          0          0         68   printf2.o
         0          0          0          0          0          0   usenofp.o
        40          0          0          0          0         68   fpclassify.o

    ----------------------------------------------------------------------
      6926        266        552          0        100       4324   Library Totals
        16          0          1          0          4          0   (incl. Padding)

    ----------------------------------------------------------------------

      Code (inc. data)   RO Data    RW Data    ZI Data      Debug   Library Name

      6862        266        551          0         96       4120   c_w.l
         8          0          0          0          0        136   fz_ws.l
        40          0          0          0          0         68   m_ws.l

    ----------------------------------------------------------------------
      6926        266        552          0        100       4324   Library Totals

    ----------------------------------------------------------------------

==============================================================================


      Code (inc. data)   RO Data    RW Data    ZI Data      Debug   

     13280        666        880         24       2112     500373   Grand Totals
     13280        666        880         24       2112     500373   ELF Image Totals
     13280        666        880         24          0          0   ROM Totals

==============================================================================

    Total RO  Size (Code + RO Data)                14160 (  13.83kB)
    Total RW  Size (RW Data + ZI Data)              2136 (   2.09kB)
    Total ROM Size (Code + RO Data + RW Data)      14184 (  13.85kB)

==============================================================================

